TimeQuest Timing Analyzer report for multiplicador
Wed Apr 04 20:55:32 2018
Quartus II 32-bit Version 13.0.1 Build 232 06/12/2013 Service Pack 1 SJ Web Edition


---------------------
; Table of Contents ;
---------------------
  1. Legal Notice
  2. TimeQuest Timing Analyzer Summary
  3. Parallel Compilation
  4. Clocks
  5. Slow Model Fmax Summary
  6. Slow Model Setup Summary
  7. Slow Model Hold Summary
  8. Slow Model Recovery Summary
  9. Slow Model Removal Summary
 10. Slow Model Minimum Pulse Width Summary
 11. Propagation Delay
 12. Minimum Propagation Delay
 13. Fast Model Setup Summary
 14. Fast Model Hold Summary
 15. Fast Model Recovery Summary
 16. Fast Model Removal Summary
 17. Fast Model Minimum Pulse Width Summary
 18. Propagation Delay
 19. Minimum Propagation Delay
 20. Multicorner Timing Analysis Summary
 21. Progagation Delay
 22. Minimum Progagation Delay
 23. Clock Transfers
 24. Report TCCS
 25. Report RSKM
 26. Unconstrained Paths
 27. TimeQuest Timing Analyzer Messages



----------------
; Legal Notice ;
----------------
Copyright (C) 1991-2013 Altera Corporation
Your use of Altera Corporation's design tools, logic functions 
and other software and tools, and its AMPP partner logic 
functions, and any output files from any of the foregoing 
(including device programming or simulation files), and any 
associated documentation or information are expressly subject 
to the terms and conditions of the Altera Program License 
Subscription Agreement, Altera MegaCore Function License 
Agreement, or other applicable license agreement, including, 
without limitation, that your use is for the sole purpose of 
programming logic devices manufactured by Altera and sold by 
Altera or its authorized distributors.  Please refer to the 
applicable agreement for further details.



+----------------------------------------------------------------------------------------+
; TimeQuest Timing Analyzer Summary                                                      ;
+--------------------+-------------------------------------------------------------------+
; Quartus II Version ; Version 13.0.1 Build 232 06/12/2013 Service Pack 1 SJ Web Edition ;
; Revision Name      ; multiplicador                                                     ;
; Device Family      ; Cyclone II                                                        ;
; Device Name        ; EP2C5T144C8                                                       ;
; Timing Models      ; Final                                                             ;
; Delay Model        ; Combined                                                          ;
; Rise/Fall Delays   ; Unavailable                                                       ;
+--------------------+-------------------------------------------------------------------+


Parallel compilation was disabled, but you have multiple processors available. Enable parallel compilation to reduce compilation time.
+-------------------------------------+
; Parallel Compilation                ;
+----------------------------+--------+
; Processors                 ; Number ;
+----------------------------+--------+
; Number detected on machine ; 4      ;
; Maximum allowed            ; 1      ;
+----------------------------+--------+


----------
; Clocks ;
----------
No clocks to report.


---------------------------
; Slow Model Fmax Summary ;
---------------------------
No paths to report.


----------------------------
; Slow Model Setup Summary ;
----------------------------
No paths to report.


---------------------------
; Slow Model Hold Summary ;
---------------------------
No paths to report.


-------------------------------
; Slow Model Recovery Summary ;
-------------------------------
No paths to report.


------------------------------
; Slow Model Removal Summary ;
------------------------------
No paths to report.


------------------------------------------
; Slow Model Minimum Pulse Width Summary ;
------------------------------------------
No paths to report.


+--------------------------------------------------------------+
; Propagation Delay                                            ;
+------------+-------------+--------+--------+--------+--------+
; Input Port ; Output Port ; RR     ; RF     ; FR     ; FF     ;
+------------+-------------+--------+--------+--------+--------+
; A[0]       ; C[1]        ; 12.491 ;        ;        ; 12.491 ;
; A[0]       ; C[2]        ; 13.553 ;        ;        ; 13.553 ;
; A[0]       ; C[3]        ; 12.835 ;        ;        ; 12.835 ;
; A[0]       ; C[4]        ; 14.201 ;        ;        ; 14.201 ;
; A[0]       ; C[5]        ; 14.578 ; 14.578 ; 14.578 ; 14.578 ;
; A[0]       ; DD[0]       ; 18.913 ; 18.913 ; 18.913 ; 18.913 ;
; A[0]       ; DD[1]       ; 18.183 ; 18.183 ; 18.183 ; 18.183 ;
; A[0]       ; DD[2]       ; 19.534 ; 19.534 ; 19.534 ; 19.534 ;
; A[0]       ; DD[3]       ; 18.570 ; 18.570 ; 18.570 ; 18.570 ;
; A[0]       ; DD[4]       ; 18.309 ; 18.309 ; 18.309 ; 18.309 ;
; A[0]       ; DD[6]       ; 18.391 ; 18.391 ; 18.391 ; 18.391 ;
; A[0]       ; DU[0]       ; 18.329 ; 18.329 ; 18.329 ; 18.329 ;
; A[0]       ; DU[1]       ; 20.734 ; 20.734 ; 20.734 ; 20.734 ;
; A[0]       ; DU[2]       ; 19.682 ; 19.682 ; 19.682 ; 19.682 ;
; A[0]       ; DU[3]       ; 18.663 ; 18.663 ; 18.663 ; 18.663 ;
; A[0]       ; DU[4]       ; 18.460 ; 18.460 ; 18.460 ; 18.460 ;
; A[0]       ; DU[5]       ; 17.107 ; 17.107 ; 17.107 ; 17.107 ;
; A[0]       ; DU[6]       ; 17.035 ; 17.035 ; 17.035 ; 17.035 ;
; A[0]       ; R[0]        ; 13.127 ;        ;        ; 13.127 ;
; A[0]       ; R[3]        ; 12.516 ;        ;        ; 12.516 ;
; A[0]       ; R[6]        ; 12.021 ;        ;        ; 12.021 ;
; A[0]       ; S[0]        ; 13.479 ;        ;        ; 13.479 ;
; A[0]       ; S[1]        ; 12.795 ; 12.795 ; 12.795 ; 12.795 ;
; A[0]       ; S[2]        ; 16.317 ; 16.317 ; 16.317 ; 16.317 ;
; A[0]       ; S[3]        ; 15.154 ; 15.154 ; 15.154 ; 15.154 ;
; A[0]       ; S[4]        ; 15.634 ; 15.634 ; 15.634 ; 15.634 ;
; A[0]       ; Sc1         ; 15.282 ; 15.282 ; 15.282 ; 15.282 ;
; A[0]       ; Sc2         ; 14.477 ; 14.477 ; 14.477 ; 14.477 ;
; A[1]       ; C[1]        ; 13.082 ;        ;        ; 13.082 ;
; A[1]       ; C[2]        ; 14.506 ;        ;        ; 14.506 ;
; A[1]       ; C[3]        ; 13.820 ;        ;        ; 13.820 ;
; A[1]       ; C[4]        ; 15.362 ;        ;        ; 15.362 ;
; A[1]       ; C[5]        ; 15.531 ; 15.531 ; 15.531 ; 15.531 ;
; A[1]       ; DD[0]       ; 19.504 ; 19.504 ; 19.504 ; 19.504 ;
; A[1]       ; DD[1]       ; 19.302 ; 19.302 ; 19.302 ; 19.302 ;
; A[1]       ; DD[2]       ; 20.447 ; 20.447 ; 20.447 ; 20.447 ;
; A[1]       ; DD[3]       ; 19.257 ; 19.257 ; 19.257 ; 19.257 ;
; A[1]       ; DD[4]       ; 19.422 ; 19.422 ; 19.422 ; 19.422 ;
; A[1]       ; DD[6]       ; 19.078 ; 19.078 ; 19.078 ; 19.078 ;
; A[1]       ; DU[0]       ; 19.469 ; 19.469 ; 19.469 ; 19.469 ;
; A[1]       ; DU[1]       ; 21.325 ; 21.325 ; 21.325 ; 21.325 ;
; A[1]       ; DU[2]       ; 20.273 ; 20.273 ; 20.273 ; 20.273 ;
; A[1]       ; DU[3]       ; 19.803 ; 19.803 ; 19.803 ; 19.803 ;
; A[1]       ; DU[4]       ; 19.051 ; 19.051 ; 19.051 ; 19.051 ;
; A[1]       ; DU[5]       ; 17.698 ; 17.698 ; 17.698 ; 17.698 ;
; A[1]       ; DU[6]       ; 17.626 ; 17.626 ; 17.626 ; 17.626 ;
; A[1]       ; R[1]        ; 12.795 ;        ;        ; 12.795 ;
; A[1]       ; R[4]        ; 13.916 ;        ;        ; 13.916 ;
; A[1]       ; R[7]        ; 13.580 ;        ;        ; 13.580 ;
; A[1]       ; S[1]        ; 13.352 ; 13.352 ; 13.352 ; 13.352 ;
; A[1]       ; S[2]        ; 16.908 ; 16.908 ; 16.908 ; 16.908 ;
; A[1]       ; S[3]        ; 16.107 ; 16.107 ; 16.107 ; 16.107 ;
; A[1]       ; S[4]        ; 16.774 ; 16.774 ; 16.774 ; 16.774 ;
; A[1]       ; S[5]        ; 14.548 ;        ;        ; 14.548 ;
; A[1]       ; Sc1         ; 15.873 ; 15.873 ; 15.873 ; 15.873 ;
; A[1]       ; Sc2         ; 15.430 ; 15.430 ; 15.430 ; 15.430 ;
; A[2]       ; C[2]        ; 13.742 ;        ;        ; 13.742 ;
; A[2]       ; C[3]        ; 13.612 ;        ;        ; 13.612 ;
; A[2]       ; C[4]        ; 14.390 ;        ;        ; 14.390 ;
; A[2]       ; C[5]        ; 15.094 ; 14.767 ; 14.767 ; 15.094 ;
; A[2]       ; DD[0]       ; 18.275 ; 18.275 ; 18.275 ; 18.275 ;
; A[2]       ; DD[1]       ; 18.678 ; 18.678 ; 18.678 ; 18.678 ;
; A[2]       ; DD[2]       ; 19.823 ; 19.823 ; 19.823 ; 19.823 ;
; A[2]       ; DD[3]       ; 18.633 ; 18.633 ; 18.633 ; 18.633 ;
; A[2]       ; DD[4]       ; 18.798 ; 18.798 ; 18.798 ; 18.798 ;
; A[2]       ; DD[6]       ; 18.454 ; 18.454 ; 18.454 ; 18.454 ;
; A[2]       ; DU[0]       ; 18.845 ; 18.845 ; 18.845 ; 18.845 ;
; A[2]       ; DU[1]       ; 19.855 ; 19.855 ; 19.855 ; 19.855 ;
; A[2]       ; DU[2]       ; 18.513 ; 18.513 ; 18.513 ; 18.513 ;
; A[2]       ; DU[3]       ; 19.179 ; 19.179 ; 19.179 ; 19.179 ;
; A[2]       ; DU[4]       ; 17.581 ; 17.581 ; 17.581 ; 17.581 ;
; A[2]       ; DU[5]       ; 16.984 ; 16.984 ; 16.984 ; 16.984 ;
; A[2]       ; DU[6]       ; 16.877 ; 16.877 ; 16.877 ; 16.877 ;
; A[2]       ; R[2]        ; 13.597 ;        ;        ; 13.597 ;
; A[2]       ; R[5]        ; 12.663 ;        ;        ; 12.663 ;
; A[2]       ; R[8]        ; 12.981 ;        ;        ; 12.981 ;
; A[2]       ; S[2]        ; 15.148 ; 15.148 ; 15.148 ; 15.148 ;
; A[2]       ; S[3]        ; 15.660 ; 15.660 ; 15.660 ; 15.660 ;
; A[2]       ; S[4]        ; 16.150 ; 16.150 ; 16.150 ; 16.150 ;
; A[2]       ; S[5]        ; 14.646 ;        ;        ; 14.646 ;
; A[2]       ; Sc1         ; 13.679 ; 13.679 ; 13.679 ; 13.679 ;
; A[2]       ; Sc2         ; 14.666 ; 14.666 ; 14.666 ; 14.666 ;
; B[0]       ; C[1]        ; 12.510 ;        ;        ; 12.510 ;
; B[0]       ; C[2]        ; 13.589 ;        ;        ; 13.589 ;
; B[0]       ; C[3]        ; 13.491 ; 13.491 ; 13.491 ; 13.491 ;
; B[0]       ; C[4]        ; 14.237 ;        ;        ; 14.237 ;
; B[0]       ; C[5]        ; 14.973 ; 14.973 ; 14.973 ; 14.973 ;
; B[0]       ; DD[0]       ; 18.932 ; 18.932 ; 18.932 ; 18.932 ;
; B[0]       ; DD[1]       ; 18.557 ; 18.557 ; 18.557 ; 18.557 ;
; B[0]       ; DD[2]       ; 19.702 ; 19.702 ; 19.702 ; 19.702 ;
; B[0]       ; DD[3]       ; 18.589 ; 18.589 ; 18.589 ; 18.589 ;
; B[0]       ; DD[4]       ; 18.677 ; 18.677 ; 18.677 ; 18.677 ;
; B[0]       ; DD[6]       ; 18.410 ; 18.410 ; 18.410 ; 18.410 ;
; B[0]       ; DU[0]       ; 18.724 ; 18.724 ; 18.724 ; 18.724 ;
; B[0]       ; DU[1]       ; 20.753 ; 20.753 ; 20.753 ; 20.753 ;
; B[0]       ; DU[2]       ; 19.701 ; 19.701 ; 19.701 ; 19.701 ;
; B[0]       ; DU[3]       ; 19.058 ; 19.058 ; 19.058 ; 19.058 ;
; B[0]       ; DU[4]       ; 18.479 ; 18.479 ; 18.479 ; 18.479 ;
; B[0]       ; DU[5]       ; 17.126 ; 17.126 ; 17.126 ; 17.126 ;
; B[0]       ; DU[6]       ; 17.054 ; 17.054 ; 17.054 ; 17.054 ;
; B[0]       ; R[0]        ; 13.549 ;        ;        ; 13.549 ;
; B[0]       ; R[1]        ; 11.400 ;        ;        ; 11.400 ;
; B[0]       ; R[2]        ; 13.011 ;        ;        ; 13.011 ;
; B[0]       ; S[0]        ; 13.901 ;        ;        ; 13.901 ;
; B[0]       ; S[1]        ; 12.827 ; 12.827 ; 12.827 ; 12.827 ;
; B[0]       ; S[2]        ; 16.336 ; 16.336 ; 16.336 ; 16.336 ;
; B[0]       ; S[3]        ; 15.539 ; 15.539 ; 15.539 ; 15.539 ;
; B[0]       ; S[4]        ; 16.029 ; 16.029 ; 16.029 ; 16.029 ;
; B[0]       ; Sc1         ; 15.301 ; 15.301 ; 15.301 ; 15.301 ;
; B[0]       ; Sc2         ; 14.513 ; 14.513 ; 14.513 ; 14.513 ;
; B[1]       ; C[1]        ; 12.208 ;        ;        ; 12.208 ;
; B[1]       ; C[2]        ; 13.756 ;        ;        ; 13.756 ;
; B[1]       ; C[3]        ; 13.034 ;        ;        ; 13.034 ;
; B[1]       ; C[4]        ; 14.404 ;        ;        ; 14.404 ;
; B[1]       ; C[5]        ; 14.781 ; 14.781 ; 14.781 ; 14.781 ;
; B[1]       ; DD[0]       ; 18.630 ; 18.630 ; 18.630 ; 18.630 ;
; B[1]       ; DD[1]       ; 18.365 ; 18.365 ; 18.365 ; 18.365 ;
; B[1]       ; DD[2]       ; 19.510 ; 19.510 ; 19.510 ; 19.510 ;
; B[1]       ; DD[3]       ; 18.320 ; 18.320 ; 18.320 ; 18.320 ;
; B[1]       ; DD[4]       ; 18.485 ; 18.485 ; 18.485 ; 18.485 ;
; B[1]       ; DD[6]       ; 18.141 ; 18.141 ; 18.141 ; 18.141 ;
; B[1]       ; DU[0]       ; 18.532 ; 18.532 ; 18.532 ; 18.532 ;
; B[1]       ; DU[1]       ; 20.451 ; 20.451 ; 20.451 ; 20.451 ;
; B[1]       ; DU[2]       ; 19.399 ; 19.399 ; 19.399 ; 19.399 ;
; B[1]       ; DU[3]       ; 18.866 ; 18.866 ; 18.866 ; 18.866 ;
; B[1]       ; DU[4]       ; 18.177 ; 18.177 ; 18.177 ; 18.177 ;
; B[1]       ; DU[5]       ; 16.824 ; 16.824 ; 16.824 ; 16.824 ;
; B[1]       ; DU[6]       ; 16.752 ; 16.752 ; 16.752 ; 16.752 ;
; B[1]       ; R[3]        ; 12.198 ;        ;        ; 12.198 ;
; B[1]       ; R[4]        ; 13.166 ;        ;        ; 13.166 ;
; B[1]       ; R[5]        ; 12.095 ;        ;        ; 12.095 ;
; B[1]       ; S[1]        ; 12.476 ; 12.476 ; 12.476 ; 12.476 ;
; B[1]       ; S[2]        ; 16.034 ; 16.034 ; 16.034 ; 16.034 ;
; B[1]       ; S[3]        ; 15.357 ; 15.357 ; 15.357 ; 15.357 ;
; B[1]       ; S[4]        ; 15.837 ; 15.837 ; 15.837 ; 15.837 ;
; B[1]       ; S[5]        ; 13.801 ;        ;        ; 13.801 ;
; B[1]       ; Sc1         ; 14.999 ; 14.999 ; 14.999 ; 14.999 ;
; B[1]       ; Sc2         ; 14.680 ; 14.680 ; 14.680 ; 14.680 ;
; B[2]       ; C[3]        ; 13.040 ;        ;        ; 13.040 ;
; B[2]       ; C[4]        ; 15.168 ;        ;        ; 15.168 ;
; B[2]       ; C[5]        ; 15.130 ; 15.130 ; 15.130 ; 15.130 ;
; B[2]       ; DD[0]       ; 18.705 ; 18.705 ; 18.705 ; 18.705 ;
; B[2]       ; DD[1]       ; 19.108 ; 19.108 ; 19.108 ; 19.108 ;
; B[2]       ; DD[2]       ; 20.253 ; 20.253 ; 20.253 ; 20.253 ;
; B[2]       ; DD[3]       ; 19.063 ; 19.063 ; 19.063 ; 19.063 ;
; B[2]       ; DD[4]       ; 19.228 ; 19.228 ; 19.228 ; 19.228 ;
; B[2]       ; DD[6]       ; 18.884 ; 18.884 ; 18.884 ; 18.884 ;
; B[2]       ; DU[0]       ; 19.275 ; 19.275 ; 19.275 ; 19.275 ;
; B[2]       ; DU[1]       ; 20.278 ; 20.278 ; 20.278 ; 20.278 ;
; B[2]       ; DU[2]       ; 19.226 ; 19.226 ; 19.226 ; 19.226 ;
; B[2]       ; DU[3]       ; 19.609 ; 19.609 ; 19.609 ; 19.609 ;
; B[2]       ; DU[4]       ; 18.004 ; 18.004 ; 18.004 ; 18.004 ;
; B[2]       ; DU[5]       ; 17.018 ; 17.018 ; 17.018 ; 17.018 ;
; B[2]       ; DU[6]       ; 16.973 ; 16.973 ; 16.973 ; 16.973 ;
; B[2]       ; R[6]        ; 12.840 ;        ;        ; 12.840 ;
; B[2]       ; R[7]        ; 13.386 ;        ;        ; 13.386 ;
; B[2]       ; R[8]        ; 12.684 ;        ;        ; 12.684 ;
; B[2]       ; S[2]        ; 15.861 ; 15.861 ; 15.861 ; 15.861 ;
; B[2]       ; S[3]        ; 15.694 ; 15.694 ; 15.694 ; 15.694 ;
; B[2]       ; S[4]        ; 16.580 ; 16.580 ; 16.580 ; 16.580 ;
; B[2]       ; S[5]        ; 14.384 ;        ;        ; 14.384 ;
; B[2]       ; Sc2         ; 13.640 ; 13.640 ; 13.640 ; 13.640 ;
+------------+-------------+--------+--------+--------+--------+


+--------------------------------------------------------------+
; Minimum Propagation Delay                                    ;
+------------+-------------+--------+--------+--------+--------+
; Input Port ; Output Port ; RR     ; RF     ; FR     ; FF     ;
+------------+-------------+--------+--------+--------+--------+
; A[0]       ; C[1]        ; 12.491 ;        ;        ; 12.491 ;
; A[0]       ; C[2]        ; 13.553 ;        ;        ; 13.553 ;
; A[0]       ; C[3]        ; 12.835 ;        ;        ; 12.835 ;
; A[0]       ; C[4]        ; 14.201 ;        ;        ; 14.201 ;
; A[0]       ; C[5]        ; 14.317 ; 14.578 ; 14.578 ; 14.317 ;
; A[0]       ; DD[0]       ; 16.585 ; 16.585 ; 16.585 ; 16.585 ;
; A[0]       ; DD[1]       ; 16.535 ; 16.535 ; 16.535 ; 16.535 ;
; A[0]       ; DD[2]       ; 16.819 ; 16.819 ; 16.819 ; 16.819 ;
; A[0]       ; DD[3]       ; 17.193 ; 17.193 ; 17.193 ; 17.193 ;
; A[0]       ; DD[4]       ; 16.798 ; 16.798 ; 16.798 ; 16.798 ;
; A[0]       ; DD[6]       ; 17.014 ; 17.014 ; 17.014 ; 17.014 ;
; A[0]       ; DU[0]       ; 15.931 ; 15.931 ; 15.931 ; 15.931 ;
; A[0]       ; DU[1]       ; 14.653 ; 14.653 ; 14.653 ; 14.653 ;
; A[0]       ; DU[2]       ; 13.621 ; 14.655 ; 14.655 ; 13.621 ;
; A[0]       ; DU[3]       ; 13.332 ; 13.332 ; 13.332 ; 13.332 ;
; A[0]       ; DU[4]       ; 14.763 ; 12.165 ; 12.165 ; 14.763 ;
; A[0]       ; DU[5]       ; 15.048 ; 15.048 ; 15.048 ; 15.048 ;
; A[0]       ; DU[6]       ; 14.827 ; 14.827 ; 14.827 ; 14.827 ;
; A[0]       ; R[0]        ; 13.127 ;        ;        ; 13.127 ;
; A[0]       ; R[3]        ; 12.516 ;        ;        ; 12.516 ;
; A[0]       ; R[6]        ; 12.021 ;        ;        ; 12.021 ;
; A[0]       ; S[0]        ; 13.479 ;        ;        ; 13.479 ;
; A[0]       ; S[1]        ; 12.795 ; 12.795 ; 12.795 ; 12.795 ;
; A[0]       ; S[2]        ; 15.042 ; 15.042 ; 15.042 ; 15.042 ;
; A[0]       ; S[3]        ; 14.883 ; 14.883 ; 14.883 ; 14.883 ;
; A[0]       ; S[4]        ; 15.373 ; 15.373 ; 15.373 ; 15.373 ;
; A[0]       ; Sc1         ; 15.282 ; 15.282 ; 15.282 ; 15.282 ;
; A[0]       ; Sc2         ; 14.477 ; 14.477 ; 14.477 ; 14.477 ;
; A[1]       ; C[1]        ; 13.082 ;        ;        ; 13.082 ;
; A[1]       ; C[2]        ; 14.506 ;        ;        ; 14.506 ;
; A[1]       ; C[3]        ; 13.820 ;        ;        ; 13.820 ;
; A[1]       ; C[4]        ; 15.154 ;        ;        ; 15.154 ;
; A[1]       ; C[5]        ; 15.302 ; 15.324 ; 15.324 ; 15.302 ;
; A[1]       ; DD[0]       ; 17.570 ; 16.048 ; 16.048 ; 17.570 ;
; A[1]       ; DD[1]       ; 15.643 ; 15.643 ; 15.643 ; 15.643 ;
; A[1]       ; DD[2]       ; 17.376 ; 17.376 ; 17.376 ; 17.376 ;
; A[1]       ; DD[3]       ; 16.858 ; 16.858 ; 16.858 ; 16.858 ;
; A[1]       ; DD[4]       ; 17.355 ; 16.123 ; 16.123 ; 17.355 ;
; A[1]       ; DD[6]       ; 16.679 ; 16.679 ; 16.679 ; 16.679 ;
; A[1]       ; DU[0]       ; 16.567 ; 16.567 ; 16.567 ; 16.567 ;
; A[1]       ; DU[1]       ; 15.828 ; 15.828 ; 15.828 ; 15.828 ;
; A[1]       ; DU[2]       ; 15.212 ; 15.212 ; 15.212 ; 15.212 ;
; A[1]       ; DU[3]       ; 15.949 ; 15.949 ; 15.949 ; 15.949 ;
; A[1]       ; DU[4]       ; 15.320 ; 15.320 ; 15.320 ; 15.320 ;
; A[1]       ; DU[5]       ; 14.229 ; 14.229 ; 14.229 ; 14.229 ;
; A[1]       ; DU[6]       ; 14.248 ; 14.248 ; 14.248 ; 14.248 ;
; A[1]       ; R[1]        ; 12.795 ;        ;        ; 12.795 ;
; A[1]       ; R[4]        ; 13.916 ;        ;        ; 13.916 ;
; A[1]       ; R[7]        ; 13.580 ;        ;        ; 13.580 ;
; A[1]       ; S[1]        ; 13.352 ; 13.352 ; 13.352 ; 13.352 ;
; A[1]       ; S[2]        ; 16.018 ; 16.018 ; 16.018 ; 16.018 ;
; A[1]       ; S[3]        ; 15.868 ; 15.868 ; 15.868 ; 15.868 ;
; A[1]       ; S[4]        ; 16.358 ; 16.358 ; 16.358 ; 16.358 ;
; A[1]       ; S[5]        ; 14.548 ;        ;        ; 14.548 ;
; A[1]       ; Sc1         ; 14.672 ; 14.672 ; 14.672 ; 14.672 ;
; A[1]       ; Sc2         ; 13.921 ; 13.921 ; 13.921 ; 13.921 ;
; A[2]       ; C[2]        ; 13.742 ;        ;        ; 13.742 ;
; A[2]       ; C[3]        ; 13.612 ;        ;        ; 13.612 ;
; A[2]       ; C[4]        ; 13.788 ;        ;        ; 13.788 ;
; A[2]       ; C[5]        ; 14.330 ; 14.330 ; 14.330 ; 14.330 ;
; A[2]       ; DD[0]       ; 16.599 ; 16.146 ; 16.146 ; 16.599 ;
; A[2]       ; DD[1]       ; 15.741 ; 15.741 ; 15.741 ; 15.741 ;
; A[2]       ; DD[2]       ; 17.619 ; 17.619 ; 17.619 ; 17.619 ;
; A[2]       ; DD[3]       ; 16.956 ; 16.956 ; 16.956 ; 16.956 ;
; A[2]       ; DD[4]       ; 17.140 ; 16.221 ; 16.221 ; 17.140 ;
; A[2]       ; DD[6]       ; 16.777 ; 16.777 ; 16.777 ; 16.777 ;
; A[2]       ; DU[0]       ; 16.432 ; 16.432 ; 16.432 ; 16.432 ;
; A[2]       ; DU[1]       ; 17.055 ; 17.055 ; 17.055 ; 17.055 ;
; A[2]       ; DU[2]       ; 15.046 ; 15.046 ; 15.046 ; 15.046 ;
; A[2]       ; DU[3]       ; 15.049 ; 15.049 ; 15.049 ; 15.049 ;
; A[2]       ; DU[4]       ; 14.619 ; 14.619 ; 14.619 ; 14.619 ;
; A[2]       ; DU[5]       ; 14.327 ; 14.327 ; 14.327 ; 14.327 ;
; A[2]       ; DU[6]       ; 14.346 ; 14.346 ; 14.346 ; 14.346 ;
; A[2]       ; R[2]        ; 13.597 ;        ;        ; 13.597 ;
; A[2]       ; R[5]        ; 12.663 ;        ;        ; 12.663 ;
; A[2]       ; R[8]        ; 12.981 ;        ;        ; 12.981 ;
; A[2]       ; S[2]        ; 15.148 ; 15.148 ; 15.148 ; 15.148 ;
; A[2]       ; S[3]        ; 14.897 ; 14.897 ; 14.897 ; 14.897 ;
; A[2]       ; S[4]        ; 14.519 ; 14.519 ; 14.519 ; 14.519 ;
; A[2]       ; S[5]        ; 14.646 ;        ;        ; 14.646 ;
; A[2]       ; Sc1         ; 13.679 ; 13.679 ; 13.679 ; 13.679 ;
; A[2]       ; Sc2         ; 14.221 ; 14.221 ; 14.221 ; 14.221 ;
; B[0]       ; C[1]        ; 12.510 ;        ;        ; 12.510 ;
; B[0]       ; C[2]        ; 13.589 ;        ;        ; 13.589 ;
; B[0]       ; C[3]        ; 13.491 ; 13.491 ; 13.491 ; 13.491 ;
; B[0]       ; C[4]        ; 14.237 ;        ;        ; 14.237 ;
; B[0]       ; C[5]        ; 14.614 ; 14.614 ; 14.614 ; 14.614 ;
; B[0]       ; DD[0]       ; 16.892 ; 16.892 ; 16.892 ; 16.892 ;
; B[0]       ; DD[1]       ; 16.428 ; 16.428 ; 16.428 ; 16.428 ;
; B[0]       ; DD[2]       ; 16.851 ; 16.851 ; 16.851 ; 16.851 ;
; B[0]       ; DD[3]       ; 16.815 ; 16.815 ; 16.815 ; 16.815 ;
; B[0]       ; DD[4]       ; 16.554 ; 16.554 ; 16.554 ; 16.554 ;
; B[0]       ; DD[6]       ; 16.636 ; 16.636 ; 16.636 ; 16.636 ;
; B[0]       ; DU[0]       ; 16.140 ; 16.140 ; 16.140 ; 16.140 ;
; B[0]       ; DU[1]       ; 15.075 ; 15.075 ; 15.075 ; 15.075 ;
; B[0]       ; DU[2]       ; 14.043 ; 14.687 ; 14.687 ; 14.043 ;
; B[0]       ; DU[3]       ; 13.364 ; 13.364 ; 13.364 ; 13.364 ;
; B[0]       ; DU[4]       ; 14.795 ; 12.195 ; 12.195 ; 14.795 ;
; B[0]       ; DU[5]       ; 15.258 ; 15.258 ; 15.258 ; 15.258 ;
; B[0]       ; DU[6]       ; 15.037 ; 15.037 ; 15.037 ; 15.037 ;
; B[0]       ; R[0]        ; 13.549 ;        ;        ; 13.549 ;
; B[0]       ; R[1]        ; 11.400 ;        ;        ; 11.400 ;
; B[0]       ; R[2]        ; 13.011 ;        ;        ; 13.011 ;
; B[0]       ; S[0]        ; 13.901 ;        ;        ; 13.901 ;
; B[0]       ; S[1]        ; 12.827 ; 12.827 ; 12.827 ; 12.827 ;
; B[0]       ; S[2]        ; 14.562 ; 14.562 ; 14.562 ; 14.562 ;
; B[0]       ; S[3]        ; 15.190 ; 15.190 ; 15.190 ; 15.190 ;
; B[0]       ; S[4]        ; 15.649 ; 15.649 ; 15.649 ; 15.649 ;
; B[0]       ; Sc1         ; 12.771 ; 12.771 ; 12.771 ; 12.771 ;
; B[0]       ; Sc2         ; 14.513 ; 14.513 ; 14.513 ; 14.513 ;
; B[1]       ; C[1]        ; 12.208 ;        ;        ; 12.208 ;
; B[1]       ; C[2]        ; 13.756 ;        ;        ; 13.756 ;
; B[1]       ; C[3]        ; 13.034 ;        ;        ; 13.034 ;
; B[1]       ; C[4]        ; 13.637 ;        ;        ; 13.637 ;
; B[1]       ; C[5]        ; 13.762 ; 13.762 ; 13.762 ; 13.762 ;
; B[1]       ; DD[0]       ; 16.031 ; 15.301 ; 15.301 ; 16.031 ;
; B[1]       ; DD[1]       ; 14.896 ; 14.896 ; 14.896 ; 14.896 ;
; B[1]       ; DD[2]       ; 16.500 ; 16.500 ; 16.500 ; 16.500 ;
; B[1]       ; DD[3]       ; 16.111 ; 16.111 ; 16.111 ; 16.111 ;
; B[1]       ; DD[4]       ; 16.479 ; 15.376 ; 15.376 ; 16.479 ;
; B[1]       ; DD[6]       ; 15.932 ; 15.932 ; 15.932 ; 15.932 ;
; B[1]       ; DU[0]       ; 15.820 ; 15.820 ; 15.820 ; 15.820 ;
; B[1]       ; DU[1]       ; 14.952 ; 14.952 ; 14.952 ; 14.952 ;
; B[1]       ; DU[2]       ; 14.336 ; 14.336 ; 14.336 ; 14.336 ;
; B[1]       ; DU[3]       ; 15.073 ; 15.073 ; 15.073 ; 15.073 ;
; B[1]       ; DU[4]       ; 14.444 ; 14.444 ; 14.444 ; 14.444 ;
; B[1]       ; DU[5]       ; 13.482 ; 13.482 ; 13.482 ; 13.482 ;
; B[1]       ; DU[6]       ; 13.501 ; 13.501 ; 13.501 ; 13.501 ;
; B[1]       ; R[3]        ; 12.198 ;        ;        ; 12.198 ;
; B[1]       ; R[4]        ; 13.166 ;        ;        ; 13.166 ;
; B[1]       ; R[5]        ; 12.095 ;        ;        ; 12.095 ;
; B[1]       ; S[1]        ; 12.476 ; 12.476 ; 12.476 ; 12.476 ;
; B[1]       ; S[2]        ; 15.268 ; 15.268 ; 15.268 ; 15.268 ;
; B[1]       ; S[3]        ; 14.329 ; 14.329 ; 14.329 ; 14.329 ;
; B[1]       ; S[4]        ; 14.818 ; 14.818 ; 14.818 ; 14.818 ;
; B[1]       ; S[5]        ; 13.801 ;        ;        ; 13.801 ;
; B[1]       ; Sc1         ; 13.922 ; 13.922 ; 13.922 ; 13.922 ;
; B[1]       ; Sc2         ; 13.653 ; 13.653 ; 13.653 ; 13.653 ;
; B[2]       ; C[3]        ; 13.040 ;        ;        ; 13.040 ;
; B[2]       ; C[4]        ; 15.168 ;        ;        ; 15.168 ;
; B[2]       ; C[5]        ; 14.522 ; 15.130 ; 15.130 ; 14.522 ;
; B[2]       ; DD[0]       ; 16.343 ; 15.884 ; 15.884 ; 16.343 ;
; B[2]       ; DD[1]       ; 15.479 ; 15.479 ; 15.479 ; 15.479 ;
; B[2]       ; DD[2]       ; 17.363 ; 17.363 ; 17.363 ; 17.363 ;
; B[2]       ; DD[3]       ; 16.694 ; 16.694 ; 16.694 ; 16.694 ;
; B[2]       ; DD[4]       ; 16.866 ; 15.959 ; 15.959 ; 16.866 ;
; B[2]       ; DD[6]       ; 16.515 ; 16.515 ; 16.515 ; 16.515 ;
; B[2]       ; DU[0]       ; 16.403 ; 16.403 ; 16.403 ; 16.403 ;
; B[2]       ; DU[1]       ; 16.754 ; 16.754 ; 16.754 ; 16.754 ;
; B[2]       ; DU[2]       ; 14.745 ; 14.745 ; 14.745 ; 14.745 ;
; B[2]       ; DU[3]       ; 14.748 ; 14.748 ; 14.748 ; 14.748 ;
; B[2]       ; DU[4]       ; 14.318 ; 14.318 ; 14.318 ; 14.318 ;
; B[2]       ; DU[5]       ; 14.065 ; 14.065 ; 14.065 ; 14.065 ;
; B[2]       ; DU[6]       ; 14.084 ; 14.084 ; 14.084 ; 14.084 ;
; B[2]       ; R[6]        ; 12.840 ;        ;        ; 12.840 ;
; B[2]       ; R[7]        ; 13.386 ;        ;        ; 13.386 ;
; B[2]       ; R[8]        ; 12.684 ;        ;        ; 12.684 ;
; B[2]       ; S[2]        ; 15.861 ; 15.861 ; 15.861 ; 15.861 ;
; B[2]       ; S[3]        ; 15.088 ; 15.088 ; 15.088 ; 15.088 ;
; B[2]       ; S[4]        ; 14.218 ; 14.218 ; 14.218 ; 14.218 ;
; B[2]       ; S[5]        ; 14.384 ;        ;        ; 14.384 ;
; B[2]       ; Sc2         ; 13.640 ; 13.640 ; 13.640 ; 13.640 ;
+------------+-------------+--------+--------+--------+--------+


----------------------------
; Fast Model Setup Summary ;
----------------------------
No paths to report.


---------------------------
; Fast Model Hold Summary ;
---------------------------
No paths to report.


-------------------------------
; Fast Model Recovery Summary ;
-------------------------------
No paths to report.


------------------------------
; Fast Model Removal Summary ;
------------------------------
No paths to report.


------------------------------------------
; Fast Model Minimum Pulse Width Summary ;
------------------------------------------
No paths to report.


+----------------------------------------------------------+
; Propagation Delay                                        ;
+------------+-------------+-------+-------+-------+-------+
; Input Port ; Output Port ; RR    ; RF    ; FR    ; FF    ;
+------------+-------------+-------+-------+-------+-------+
; A[0]       ; C[1]        ; 5.621 ;       ;       ; 5.621 ;
; A[0]       ; C[2]        ; 5.965 ;       ;       ; 5.965 ;
; A[0]       ; C[3]        ; 5.754 ;       ;       ; 5.754 ;
; A[0]       ; C[4]        ; 6.177 ;       ;       ; 6.177 ;
; A[0]       ; C[5]        ; 6.266 ; 6.266 ; 6.266 ; 6.266 ;
; A[0]       ; DD[0]       ; 7.626 ; 7.626 ; 7.626 ; 7.626 ;
; A[0]       ; DD[1]       ; 7.334 ; 7.334 ; 7.334 ; 7.334 ;
; A[0]       ; DD[2]       ; 7.892 ; 7.892 ; 7.892 ; 7.892 ;
; A[0]       ; DD[3]       ; 7.499 ; 7.499 ; 7.499 ; 7.499 ;
; A[0]       ; DD[4]       ; 7.443 ; 7.443 ; 7.443 ; 7.443 ;
; A[0]       ; DD[6]       ; 7.522 ; 7.522 ; 7.522 ; 7.522 ;
; A[0]       ; DU[0]       ; 7.332 ; 7.332 ; 7.332 ; 7.332 ;
; A[0]       ; DU[1]       ; 8.038 ; 8.038 ; 8.038 ; 8.038 ;
; A[0]       ; DU[2]       ; 7.783 ; 7.783 ; 7.783 ; 7.783 ;
; A[0]       ; DU[3]       ; 7.503 ; 7.503 ; 7.503 ; 7.503 ;
; A[0]       ; DU[4]       ; 7.448 ; 7.448 ; 7.448 ; 7.448 ;
; A[0]       ; DU[5]       ; 7.065 ; 7.065 ; 7.065 ; 7.065 ;
; A[0]       ; DU[6]       ; 7.050 ; 7.050 ; 7.050 ; 7.050 ;
; A[0]       ; R[0]        ; 5.912 ;       ;       ; 5.912 ;
; A[0]       ; R[3]        ; 5.614 ;       ;       ; 5.614 ;
; A[0]       ; R[6]        ; 5.485 ;       ;       ; 5.485 ;
; A[0]       ; S[0]        ; 6.007 ;       ;       ; 6.007 ;
; A[0]       ; S[1]        ; 5.815 ; 5.815 ; 5.815 ; 5.815 ;
; A[0]       ; S[2]        ; 6.888 ; 6.888 ; 6.888 ; 6.888 ;
; A[0]       ; S[3]        ; 6.506 ; 6.506 ; 6.506 ; 6.506 ;
; A[0]       ; S[4]        ; 6.683 ; 6.683 ; 6.683 ; 6.683 ;
; A[0]       ; Sc1         ; 6.488 ; 6.488 ; 6.488 ; 6.488 ;
; A[0]       ; Sc2         ; 6.313 ; 6.313 ; 6.313 ; 6.313 ;
; A[1]       ; C[1]        ; 5.810 ;       ;       ; 5.810 ;
; A[1]       ; C[2]        ; 6.329 ;       ;       ; 6.329 ;
; A[1]       ; C[3]        ; 6.113 ;       ;       ; 6.113 ;
; A[1]       ; C[4]        ; 6.571 ;       ;       ; 6.571 ;
; A[1]       ; C[5]        ; 6.630 ; 6.630 ; 6.630 ; 6.630 ;
; A[1]       ; DD[0]       ; 7.815 ; 7.815 ; 7.815 ; 7.815 ;
; A[1]       ; DD[1]       ; 7.688 ; 7.688 ; 7.688 ; 7.688 ;
; A[1]       ; DD[2]       ; 8.194 ; 8.194 ; 8.194 ; 8.194 ;
; A[1]       ; DD[3]       ; 7.737 ; 7.737 ; 7.737 ; 7.737 ;
; A[1]       ; DD[4]       ; 7.801 ; 7.801 ; 7.801 ; 7.801 ;
; A[1]       ; DD[6]       ; 7.760 ; 7.760 ; 7.760 ; 7.760 ;
; A[1]       ; DU[0]       ; 7.714 ; 7.714 ; 7.714 ; 7.714 ;
; A[1]       ; DU[1]       ; 8.227 ; 8.227 ; 8.227 ; 8.227 ;
; A[1]       ; DU[2]       ; 7.972 ; 7.972 ; 7.972 ; 7.972 ;
; A[1]       ; DU[3]       ; 7.885 ; 7.885 ; 7.885 ; 7.885 ;
; A[1]       ; DU[4]       ; 7.637 ; 7.637 ; 7.637 ; 7.637 ;
; A[1]       ; DU[5]       ; 7.254 ; 7.254 ; 7.254 ; 7.254 ;
; A[1]       ; DU[6]       ; 7.239 ; 7.239 ; 7.239 ; 7.239 ;
; A[1]       ; R[1]        ; 5.780 ;       ;       ; 5.780 ;
; A[1]       ; R[4]        ; 6.220 ;       ;       ; 6.220 ;
; A[1]       ; R[7]        ; 6.041 ;       ;       ; 6.041 ;
; A[1]       ; S[1]        ; 6.008 ; 6.008 ; 6.008 ; 6.008 ;
; A[1]       ; S[2]        ; 7.077 ; 7.077 ; 7.077 ; 7.077 ;
; A[1]       ; S[3]        ; 6.870 ; 6.870 ; 6.870 ; 6.870 ;
; A[1]       ; S[4]        ; 7.065 ; 7.065 ; 7.065 ; 7.065 ;
; A[1]       ; S[5]        ; 6.431 ;       ;       ; 6.431 ;
; A[1]       ; Sc1         ; 6.677 ; 6.677 ; 6.677 ; 6.677 ;
; A[1]       ; Sc2         ; 6.677 ; 6.677 ; 6.677 ; 6.677 ;
; A[2]       ; C[2]        ; 6.086 ;       ;       ; 6.086 ;
; A[2]       ; C[3]        ; 6.048 ;       ;       ; 6.048 ;
; A[2]       ; C[4]        ; 6.298 ;       ;       ; 6.298 ;
; A[2]       ; C[5]        ; 6.513 ; 6.387 ; 6.387 ; 6.513 ;
; A[2]       ; DD[0]       ; 7.530 ; 7.530 ; 7.530 ; 7.530 ;
; A[2]       ; DD[1]       ; 7.553 ; 7.553 ; 7.553 ; 7.553 ;
; A[2]       ; DD[2]       ; 8.059 ; 8.059 ; 8.059 ; 8.059 ;
; A[2]       ; DD[3]       ; 7.602 ; 7.602 ; 7.602 ; 7.602 ;
; A[2]       ; DD[4]       ; 7.666 ; 7.666 ; 7.666 ; 7.666 ;
; A[2]       ; DD[6]       ; 7.625 ; 7.625 ; 7.625 ; 7.625 ;
; A[2]       ; DU[0]       ; 7.579 ; 7.579 ; 7.579 ; 7.579 ;
; A[2]       ; DU[1]       ; 7.843 ; 7.843 ; 7.843 ; 7.843 ;
; A[2]       ; DU[2]       ; 7.514 ; 7.514 ; 7.514 ; 7.514 ;
; A[2]       ; DU[3]       ; 7.750 ; 7.750 ; 7.750 ; 7.750 ;
; A[2]       ; DU[4]       ; 7.253 ; 7.253 ; 7.253 ; 7.253 ;
; A[2]       ; DU[5]       ; 7.088 ; 7.088 ; 7.088 ; 7.088 ;
; A[2]       ; DU[6]       ; 7.051 ; 7.051 ; 7.051 ; 7.051 ;
; A[2]       ; R[2]        ; 6.130 ;       ;       ; 6.130 ;
; A[2]       ; R[5]        ; 5.792 ;       ;       ; 5.792 ;
; A[2]       ; R[8]        ; 5.865 ;       ;       ; 5.865 ;
; A[2]       ; S[2]        ; 6.619 ; 6.619 ; 6.619 ; 6.619 ;
; A[2]       ; S[3]        ; 6.726 ; 6.726 ; 6.726 ; 6.726 ;
; A[2]       ; S[4]        ; 6.930 ; 6.930 ; 6.930 ; 6.930 ;
; A[2]       ; S[5]        ; 6.455 ;       ;       ; 6.455 ;
; A[2]       ; Sc1         ; 6.062 ; 6.062 ; 6.062 ; 6.062 ;
; A[2]       ; Sc2         ; 6.434 ; 6.434 ; 6.434 ; 6.434 ;
; B[0]       ; C[1]        ; 5.610 ;       ;       ; 5.610 ;
; B[0]       ; C[2]        ; 5.971 ;       ;       ; 5.971 ;
; B[0]       ; C[3]        ; 5.925 ; 5.925 ; 5.925 ; 5.925 ;
; B[0]       ; C[4]        ; 6.183 ;       ;       ; 6.183 ;
; B[0]       ; C[5]        ; 6.390 ; 6.390 ; 6.390 ; 6.390 ;
; B[0]       ; DD[0]       ; 7.615 ; 7.615 ; 7.615 ; 7.615 ;
; B[0]       ; DD[1]       ; 7.430 ; 7.430 ; 7.430 ; 7.430 ;
; B[0]       ; DD[2]       ; 7.936 ; 7.936 ; 7.936 ; 7.936 ;
; B[0]       ; DD[3]       ; 7.488 ; 7.488 ; 7.488 ; 7.488 ;
; B[0]       ; DD[4]       ; 7.543 ; 7.543 ; 7.543 ; 7.543 ;
; B[0]       ; DD[6]       ; 7.511 ; 7.511 ; 7.511 ; 7.511 ;
; B[0]       ; DU[0]       ; 7.456 ; 7.456 ; 7.456 ; 7.456 ;
; B[0]       ; DU[1]       ; 8.027 ; 8.027 ; 8.027 ; 8.027 ;
; B[0]       ; DU[2]       ; 7.772 ; 7.772 ; 7.772 ; 7.772 ;
; B[0]       ; DU[3]       ; 7.627 ; 7.627 ; 7.627 ; 7.627 ;
; B[0]       ; DU[4]       ; 7.437 ; 7.437 ; 7.437 ; 7.437 ;
; B[0]       ; DU[5]       ; 7.054 ; 7.054 ; 7.054 ; 7.054 ;
; B[0]       ; DU[6]       ; 7.039 ; 7.039 ; 7.039 ; 7.039 ;
; B[0]       ; R[0]        ; 6.041 ;       ;       ; 6.041 ;
; B[0]       ; R[1]        ; 5.334 ;       ;       ; 5.334 ;
; B[0]       ; R[2]        ; 5.856 ;       ;       ; 5.856 ;
; B[0]       ; S[0]        ; 6.136 ;       ;       ; 6.136 ;
; B[0]       ; S[1]        ; 5.818 ; 5.818 ; 5.818 ; 5.818 ;
; B[0]       ; S[2]        ; 6.877 ; 6.877 ; 6.877 ; 6.877 ;
; B[0]       ; S[3]        ; 6.603 ; 6.603 ; 6.603 ; 6.603 ;
; B[0]       ; S[4]        ; 6.807 ; 6.807 ; 6.807 ; 6.807 ;
; B[0]       ; Sc1         ; 6.477 ; 6.477 ; 6.477 ; 6.477 ;
; B[0]       ; Sc2         ; 6.319 ; 6.319 ; 6.319 ; 6.319 ;
; B[1]       ; C[1]        ; 5.538 ;       ;       ; 5.538 ;
; B[1]       ; C[2]        ; 6.018 ;       ;       ; 6.018 ;
; B[1]       ; C[3]        ; 5.802 ;       ;       ; 5.802 ;
; B[1]       ; C[4]        ; 6.230 ;       ;       ; 6.230 ;
; B[1]       ; C[5]        ; 6.319 ; 6.319 ; 6.319 ; 6.319 ;
; B[1]       ; DD[0]       ; 7.543 ; 7.543 ; 7.543 ; 7.543 ;
; B[1]       ; DD[1]       ; 7.359 ; 7.359 ; 7.359 ; 7.359 ;
; B[1]       ; DD[2]       ; 7.865 ; 7.865 ; 7.865 ; 7.865 ;
; B[1]       ; DD[3]       ; 7.416 ; 7.416 ; 7.416 ; 7.416 ;
; B[1]       ; DD[4]       ; 7.472 ; 7.472 ; 7.472 ; 7.472 ;
; B[1]       ; DD[6]       ; 7.439 ; 7.439 ; 7.439 ; 7.439 ;
; B[1]       ; DU[0]       ; 7.385 ; 7.385 ; 7.385 ; 7.385 ;
; B[1]       ; DU[1]       ; 7.955 ; 7.955 ; 7.955 ; 7.955 ;
; B[1]       ; DU[2]       ; 7.700 ; 7.700 ; 7.700 ; 7.700 ;
; B[1]       ; DU[3]       ; 7.556 ; 7.556 ; 7.556 ; 7.556 ;
; B[1]       ; DU[4]       ; 7.365 ; 7.365 ; 7.365 ; 7.365 ;
; B[1]       ; DU[5]       ; 6.982 ; 6.982 ; 6.982 ; 6.982 ;
; B[1]       ; DU[6]       ; 6.967 ; 6.967 ; 6.967 ; 6.967 ;
; B[1]       ; R[3]        ; 5.532 ;       ;       ; 5.532 ;
; B[1]       ; R[4]        ; 5.909 ;       ;       ; 5.909 ;
; B[1]       ; R[5]        ; 5.523 ;       ;       ; 5.523 ;
; B[1]       ; S[1]        ; 5.709 ; 5.709 ; 5.709 ; 5.709 ;
; B[1]       ; S[2]        ; 6.805 ; 6.805 ; 6.805 ; 6.805 ;
; B[1]       ; S[3]        ; 6.559 ; 6.559 ; 6.559 ; 6.559 ;
; B[1]       ; S[4]        ; 6.736 ; 6.736 ; 6.736 ; 6.736 ;
; B[1]       ; S[5]        ; 6.120 ;       ;       ; 6.120 ;
; B[1]       ; Sc1         ; 6.405 ; 6.405 ; 6.405 ; 6.405 ;
; B[1]       ; Sc2         ; 6.366 ; 6.366 ; 6.366 ; 6.366 ;
; B[2]       ; C[3]        ; 5.915 ;       ;       ; 5.915 ;
; B[2]       ; C[4]        ; 6.546 ;       ;       ; 6.546 ;
; B[2]       ; C[5]        ; 6.518 ; 6.518 ; 6.518 ; 6.518 ;
; B[2]       ; DD[0]       ; 7.640 ; 7.640 ; 7.640 ; 7.640 ;
; B[2]       ; DD[1]       ; 7.663 ; 7.663 ; 7.663 ; 7.663 ;
; B[2]       ; DD[2]       ; 8.169 ; 8.169 ; 8.169 ; 8.169 ;
; B[2]       ; DD[3]       ; 7.712 ; 7.712 ; 7.712 ; 7.712 ;
; B[2]       ; DD[4]       ; 7.776 ; 7.776 ; 7.776 ; 7.776 ;
; B[2]       ; DD[6]       ; 7.735 ; 7.735 ; 7.735 ; 7.735 ;
; B[2]       ; DU[0]       ; 7.689 ; 7.689 ; 7.689 ; 7.689 ;
; B[2]       ; DU[1]       ; 7.945 ; 7.945 ; 7.945 ; 7.945 ;
; B[2]       ; DU[2]       ; 7.690 ; 7.690 ; 7.690 ; 7.690 ;
; B[2]       ; DU[3]       ; 7.860 ; 7.860 ; 7.860 ; 7.860 ;
; B[2]       ; DU[4]       ; 7.355 ; 7.355 ; 7.355 ; 7.355 ;
; B[2]       ; DU[5]       ; 7.118 ; 7.118 ; 7.118 ; 7.118 ;
; B[2]       ; DU[6]       ; 7.092 ; 7.092 ; 7.092 ; 7.092 ;
; B[2]       ; R[6]        ; 5.798 ;       ;       ; 5.798 ;
; B[2]       ; R[7]        ; 6.016 ;       ;       ; 6.016 ;
; B[2]       ; R[8]        ; 5.810 ;       ;       ; 5.810 ;
; B[2]       ; S[2]        ; 6.795 ; 6.795 ; 6.795 ; 6.795 ;
; B[2]       ; S[3]        ; 6.756 ; 6.756 ; 6.756 ; 6.756 ;
; B[2]       ; S[4]        ; 7.040 ; 7.040 ; 7.040 ; 7.040 ;
; B[2]       ; S[5]        ; 6.399 ;       ;       ; 6.399 ;
; B[2]       ; Sc2         ; 6.139 ; 6.139 ; 6.139 ; 6.139 ;
+------------+-------------+-------+-------+-------+-------+


+----------------------------------------------------------+
; Minimum Propagation Delay                                ;
+------------+-------------+-------+-------+-------+-------+
; Input Port ; Output Port ; RR    ; RF    ; FR    ; FF    ;
+------------+-------------+-------+-------+-------+-------+
; A[0]       ; C[1]        ; 5.621 ;       ;       ; 5.621 ;
; A[0]       ; C[2]        ; 5.965 ;       ;       ; 5.965 ;
; A[0]       ; C[3]        ; 5.754 ;       ;       ; 5.754 ;
; A[0]       ; C[4]        ; 6.177 ;       ;       ; 6.177 ;
; A[0]       ; C[5]        ; 6.219 ; 6.266 ; 6.266 ; 6.219 ;
; A[0]       ; DD[0]       ; 6.942 ; 6.942 ; 6.942 ; 6.942 ;
; A[0]       ; DD[1]       ; 6.846 ; 6.846 ; 6.846 ; 6.846 ;
; A[0]       ; DD[2]       ; 7.065 ; 7.065 ; 7.065 ; 7.065 ;
; A[0]       ; DD[3]       ; 7.093 ; 7.093 ; 7.093 ; 7.093 ;
; A[0]       ; DD[4]       ; 6.971 ; 6.971 ; 6.971 ; 6.971 ;
; A[0]       ; DD[6]       ; 7.116 ; 7.116 ; 7.116 ; 7.116 ;
; A[0]       ; DU[0]       ; 6.643 ; 6.643 ; 6.643 ; 6.643 ;
; A[0]       ; DU[1]       ; 6.263 ; 6.263 ; 6.263 ; 6.263 ;
; A[0]       ; DU[2]       ; 5.999 ; 6.284 ; 6.284 ; 5.999 ;
; A[0]       ; DU[3]       ; 5.897 ; 5.897 ; 5.897 ; 5.897 ;
; A[0]       ; DU[4]       ; 6.346 ; 5.546 ; 5.546 ; 6.346 ;
; A[0]       ; DU[5]       ; 6.443 ; 6.443 ; 6.443 ; 6.443 ;
; A[0]       ; DU[6]       ; 6.384 ; 6.384 ; 6.384 ; 6.384 ;
; A[0]       ; R[0]        ; 5.912 ;       ;       ; 5.912 ;
; A[0]       ; R[3]        ; 5.614 ;       ;       ; 5.614 ;
; A[0]       ; R[6]        ; 5.485 ;       ;       ; 5.485 ;
; A[0]       ; S[0]        ; 6.007 ;       ;       ; 6.007 ;
; A[0]       ; S[1]        ; 5.815 ; 5.815 ; 5.815 ; 5.815 ;
; A[0]       ; S[2]        ; 6.482 ; 6.482 ; 6.482 ; 6.482 ;
; A[0]       ; S[3]        ; 6.432 ; 6.432 ; 6.432 ; 6.432 ;
; A[0]       ; S[4]        ; 6.636 ; 6.636 ; 6.636 ; 6.636 ;
; A[0]       ; Sc1         ; 6.488 ; 6.488 ; 6.488 ; 6.488 ;
; A[0]       ; Sc2         ; 6.313 ; 6.313 ; 6.313 ; 6.313 ;
; A[1]       ; C[1]        ; 5.810 ;       ;       ; 5.810 ;
; A[1]       ; C[2]        ; 6.329 ;       ;       ; 6.329 ;
; A[1]       ; C[3]        ; 6.113 ;       ;       ; 6.113 ;
; A[1]       ; C[4]        ; 6.541 ;       ;       ; 6.541 ;
; A[1]       ; C[5]        ; 6.543 ; 6.543 ; 6.543 ; 6.543 ;
; A[1]       ; DD[0]       ; 7.291 ; 6.871 ; 6.871 ; 7.291 ;
; A[1]       ; DD[1]       ; 6.684 ; 6.684 ; 6.684 ; 6.684 ;
; A[1]       ; DD[2]       ; 7.258 ; 7.258 ; 7.258 ; 7.258 ;
; A[1]       ; DD[3]       ; 7.093 ; 7.093 ; 7.093 ; 7.093 ;
; A[1]       ; DD[4]       ; 7.164 ; 6.888 ; 6.888 ; 7.164 ;
; A[1]       ; DD[6]       ; 7.116 ; 7.116 ; 7.116 ; 7.116 ;
; A[1]       ; DU[0]       ; 6.900 ; 6.900 ; 6.900 ; 6.900 ;
; A[1]       ; DU[1]       ; 6.634 ; 6.634 ; 6.634 ; 6.634 ;
; A[1]       ; DU[2]       ; 6.477 ; 6.477 ; 6.477 ; 6.477 ;
; A[1]       ; DU[3]       ; 6.713 ; 6.713 ; 6.713 ; 6.713 ;
; A[1]       ; DU[4]       ; 6.539 ; 6.539 ; 6.539 ; 6.539 ;
; A[1]       ; DU[5]       ; 6.314 ; 6.314 ; 6.314 ; 6.314 ;
; A[1]       ; DU[6]       ; 6.325 ; 6.325 ; 6.325 ; 6.325 ;
; A[1]       ; R[1]        ; 5.780 ;       ;       ; 5.780 ;
; A[1]       ; R[4]        ; 6.220 ;       ;       ; 6.220 ;
; A[1]       ; R[7]        ; 6.041 ;       ;       ; 6.041 ;
; A[1]       ; S[1]        ; 6.008 ; 6.008 ; 6.008 ; 6.008 ;
; A[1]       ; S[2]        ; 6.874 ; 6.874 ; 6.874 ; 6.874 ;
; A[1]       ; S[3]        ; 6.781 ; 6.781 ; 6.781 ; 6.781 ;
; A[1]       ; S[4]        ; 6.960 ; 6.960 ; 6.960 ; 6.960 ;
; A[1]       ; S[5]        ; 6.431 ;       ;       ; 6.431 ;
; A[1]       ; Sc1         ; 6.383 ; 6.383 ; 6.383 ; 6.383 ;
; A[1]       ; Sc2         ; 6.223 ; 6.223 ; 6.223 ; 6.223 ;
; A[2]       ; C[2]        ; 6.086 ;       ;       ; 6.086 ;
; A[2]       ; C[3]        ; 6.048 ;       ;       ; 6.048 ;
; A[2]       ; C[4]        ; 6.121 ;       ;       ; 6.121 ;
; A[2]       ; C[5]        ; 6.285 ; 6.285 ; 6.285 ; 6.285 ;
; A[2]       ; DD[0]       ; 7.017 ; 6.895 ; 6.895 ; 7.017 ;
; A[2]       ; DD[1]       ; 6.708 ; 6.708 ; 6.708 ; 6.708 ;
; A[2]       ; DD[2]       ; 7.380 ; 7.380 ; 7.380 ; 7.380 ;
; A[2]       ; DD[3]       ; 7.089 ; 7.089 ; 7.089 ; 7.089 ;
; A[2]       ; DD[4]       ; 7.153 ; 6.912 ; 6.912 ; 7.153 ;
; A[2]       ; DD[6]       ; 7.112 ; 7.112 ; 7.112 ; 7.112 ;
; A[2]       ; DU[0]       ; 6.888 ; 6.888 ; 6.888 ; 6.888 ;
; A[2]       ; DU[1]       ; 7.030 ; 7.030 ; 7.030 ; 7.030 ;
; A[2]       ; DU[2]       ; 6.492 ; 6.492 ; 6.492 ; 6.492 ;
; A[2]       ; DU[3]       ; 6.483 ; 6.483 ; 6.483 ; 6.483 ;
; A[2]       ; DU[4]       ; 6.334 ; 6.334 ; 6.334 ; 6.334 ;
; A[2]       ; DU[5]       ; 6.338 ; 6.338 ; 6.338 ; 6.338 ;
; A[2]       ; DU[6]       ; 6.349 ; 6.349 ; 6.349 ; 6.349 ;
; A[2]       ; R[2]        ; 6.130 ;       ;       ; 6.130 ;
; A[2]       ; R[5]        ; 5.792 ;       ;       ; 5.792 ;
; A[2]       ; R[8]        ; 5.865 ;       ;       ; 5.865 ;
; A[2]       ; S[2]        ; 6.619 ; 6.619 ; 6.619 ; 6.619 ;
; A[2]       ; S[3]        ; 6.524 ; 6.524 ; 6.524 ; 6.524 ;
; A[2]       ; S[4]        ; 6.417 ; 6.417 ; 6.417 ; 6.417 ;
; A[2]       ; S[5]        ; 6.455 ;       ;       ; 6.455 ;
; A[2]       ; Sc1         ; 6.062 ; 6.062 ; 6.062 ; 6.062 ;
; A[2]       ; Sc2         ; 6.331 ; 6.331 ; 6.331 ; 6.331 ;
; B[0]       ; C[1]        ; 5.610 ;       ;       ; 5.610 ;
; B[0]       ; C[2]        ; 5.971 ;       ;       ; 5.971 ;
; B[0]       ; C[3]        ; 5.925 ; 5.925 ; 5.925 ; 5.925 ;
; B[0]       ; C[4]        ; 6.183 ;       ;       ; 6.183 ;
; B[0]       ; C[5]        ; 6.272 ; 6.272 ; 6.272 ; 6.272 ;
; B[0]       ; DD[0]       ; 7.022 ; 7.022 ; 7.022 ; 7.022 ;
; B[0]       ; DD[1]       ; 6.791 ; 6.791 ; 6.791 ; 6.791 ;
; B[0]       ; DD[2]       ; 7.068 ; 7.068 ; 7.068 ; 7.068 ;
; B[0]       ; DD[3]       ; 6.956 ; 6.956 ; 6.956 ; 6.956 ;
; B[0]       ; DD[4]       ; 6.900 ; 6.900 ; 6.900 ; 6.900 ;
; B[0]       ; DD[6]       ; 6.979 ; 6.979 ; 6.979 ; 6.979 ;
; B[0]       ; DU[0]       ; 6.693 ; 6.693 ; 6.693 ; 6.693 ;
; B[0]       ; DU[1]       ; 6.392 ; 6.392 ; 6.392 ; 6.392 ;
; B[0]       ; DU[2]       ; 6.128 ; 6.287 ; 6.287 ; 6.128 ;
; B[0]       ; DU[3]       ; 5.901 ; 5.901 ; 5.901 ; 5.901 ;
; B[0]       ; DU[4]       ; 6.349 ; 5.540 ; 5.540 ; 6.349 ;
; B[0]       ; DU[5]       ; 6.496 ; 6.496 ; 6.496 ; 6.496 ;
; B[0]       ; DU[6]       ; 6.436 ; 6.436 ; 6.436 ; 6.436 ;
; B[0]       ; R[0]        ; 6.041 ;       ;       ; 6.041 ;
; B[0]       ; R[1]        ; 5.334 ;       ;       ; 5.334 ;
; B[0]       ; R[2]        ; 5.856 ;       ;       ; 5.856 ;
; B[0]       ; S[0]        ; 6.136 ;       ;       ; 6.136 ;
; B[0]       ; S[1]        ; 5.818 ; 5.818 ; 5.818 ; 5.818 ;
; B[0]       ; S[2]        ; 6.345 ; 6.345 ; 6.345 ; 6.345 ;
; B[0]       ; S[3]        ; 6.512 ; 6.512 ; 6.512 ; 6.512 ;
; B[0]       ; S[4]        ; 6.677 ; 6.677 ; 6.677 ; 6.677 ;
; B[0]       ; Sc1         ; 5.720 ; 5.720 ; 5.720 ; 5.720 ;
; B[0]       ; Sc2         ; 6.319 ; 6.319 ; 6.319 ; 6.319 ;
; B[1]       ; C[1]        ; 5.538 ;       ;       ; 5.538 ;
; B[1]       ; C[2]        ; 6.018 ;       ;       ; 6.018 ;
; B[1]       ; C[3]        ; 5.802 ;       ;       ; 5.802 ;
; B[1]       ; C[4]        ; 5.995 ;       ;       ; 5.995 ;
; B[1]       ; C[5]        ; 6.016 ; 6.016 ; 6.016 ; 6.016 ;
; B[1]       ; DD[0]       ; 6.765 ; 6.560 ; 6.560 ; 6.765 ;
; B[1]       ; DD[1]       ; 6.373 ; 6.373 ; 6.373 ; 6.373 ;
; B[1]       ; DD[2]       ; 6.959 ; 6.959 ; 6.959 ; 6.959 ;
; B[1]       ; DD[3]       ; 6.782 ; 6.782 ; 6.782 ; 6.782 ;
; B[1]       ; DD[4]       ; 6.865 ; 6.577 ; 6.577 ; 6.865 ;
; B[1]       ; DD[6]       ; 6.805 ; 6.805 ; 6.805 ; 6.805 ;
; B[1]       ; DU[0]       ; 6.601 ; 6.601 ; 6.601 ; 6.601 ;
; B[1]       ; DU[1]       ; 6.335 ; 6.335 ; 6.335 ; 6.335 ;
; B[1]       ; DU[2]       ; 6.178 ; 6.178 ; 6.178 ; 6.178 ;
; B[1]       ; DU[3]       ; 6.414 ; 6.414 ; 6.414 ; 6.414 ;
; B[1]       ; DU[4]       ; 6.240 ; 6.240 ; 6.240 ; 6.240 ;
; B[1]       ; DU[5]       ; 6.003 ; 6.003 ; 6.003 ; 6.003 ;
; B[1]       ; DU[6]       ; 6.014 ; 6.014 ; 6.014 ; 6.014 ;
; B[1]       ; R[3]        ; 5.532 ;       ;       ; 5.532 ;
; B[1]       ; R[4]        ; 5.909 ;       ;       ; 5.909 ;
; B[1]       ; R[5]        ; 5.523 ;       ;       ; 5.523 ;
; B[1]       ; S[1]        ; 5.709 ; 5.709 ; 5.709 ; 5.709 ;
; B[1]       ; S[2]        ; 6.563 ; 6.563 ; 6.563 ; 6.563 ;
; B[1]       ; S[3]        ; 6.255 ; 6.255 ; 6.255 ; 6.255 ;
; B[1]       ; S[4]        ; 6.433 ; 6.433 ; 6.433 ; 6.433 ;
; B[1]       ; S[5]        ; 6.120 ;       ;       ; 6.120 ;
; B[1]       ; Sc1         ; 6.072 ; 6.072 ; 6.072 ; 6.072 ;
; B[1]       ; Sc2         ; 6.062 ; 6.062 ; 6.062 ; 6.062 ;
; B[2]       ; C[3]        ; 5.915 ;       ;       ; 5.915 ;
; B[2]       ; C[4]        ; 6.546 ;       ;       ; 6.546 ;
; B[2]       ; C[5]        ; 6.380 ; 6.518 ; 6.518 ; 6.380 ;
; B[2]       ; DD[0]       ; 6.941 ; 6.839 ; 6.839 ; 6.941 ;
; B[2]       ; DD[1]       ; 6.652 ; 6.652 ; 6.652 ; 6.652 ;
; B[2]       ; DD[2]       ; 7.304 ; 7.304 ; 7.304 ; 7.304 ;
; B[2]       ; DD[3]       ; 7.013 ; 7.013 ; 7.013 ; 7.013 ;
; B[2]       ; DD[4]       ; 7.077 ; 6.856 ; 6.856 ; 7.077 ;
; B[2]       ; DD[6]       ; 7.036 ; 7.036 ; 7.036 ; 7.036 ;
; B[2]       ; DU[0]       ; 6.890 ; 6.890 ; 6.890 ; 6.890 ;
; B[2]       ; DU[1]       ; 6.954 ; 6.954 ; 6.954 ; 6.954 ;
; B[2]       ; DU[2]       ; 6.416 ; 6.416 ; 6.416 ; 6.416 ;
; B[2]       ; DU[3]       ; 6.407 ; 6.407 ; 6.407 ; 6.407 ;
; B[2]       ; DU[4]       ; 6.258 ; 6.258 ; 6.258 ; 6.258 ;
; B[2]       ; DU[5]       ; 6.282 ; 6.282 ; 6.282 ; 6.282 ;
; B[2]       ; DU[6]       ; 6.293 ; 6.293 ; 6.293 ; 6.293 ;
; B[2]       ; R[6]        ; 5.798 ;       ;       ; 5.798 ;
; B[2]       ; R[7]        ; 6.016 ;       ;       ; 6.016 ;
; B[2]       ; R[8]        ; 5.810 ;       ;       ; 5.810 ;
; B[2]       ; S[2]        ; 6.795 ; 6.795 ; 6.795 ; 6.795 ;
; B[2]       ; S[3]        ; 6.593 ; 6.593 ; 6.593 ; 6.593 ;
; B[2]       ; S[4]        ; 6.341 ; 6.341 ; 6.341 ; 6.341 ;
; B[2]       ; S[5]        ; 6.399 ;       ;       ; 6.399 ;
; B[2]       ; Sc2         ; 6.139 ; 6.139 ; 6.139 ; 6.139 ;
+------------+-------------+-------+-------+-------+-------+


+----------------------------------------------------------------------------+
; Multicorner Timing Analysis Summary                                        ;
+------------------+-------+------+----------+---------+---------------------+
; Clock            ; Setup ; Hold ; Recovery ; Removal ; Minimum Pulse Width ;
+------------------+-------+------+----------+---------+---------------------+
; Worst-case Slack ; N/A   ; N/A  ; N/A      ; N/A     ; N/A                 ;
; Design-wide TNS  ; 0.0   ; 0.0  ; 0.0      ; 0.0     ; 0.0                 ;
+------------------+-------+------+----------+---------+---------------------+


+--------------------------------------------------------------+
; Progagation Delay                                            ;
+------------+-------------+--------+--------+--------+--------+
; Input Port ; Output Port ; RR     ; RF     ; FR     ; FF     ;
+------------+-------------+--------+--------+--------+--------+
; A[0]       ; C[1]        ; 12.491 ;        ;        ; 12.491 ;
; A[0]       ; C[2]        ; 13.553 ;        ;        ; 13.553 ;
; A[0]       ; C[3]        ; 12.835 ;        ;        ; 12.835 ;
; A[0]       ; C[4]        ; 14.201 ;        ;        ; 14.201 ;
; A[0]       ; C[5]        ; 14.578 ; 14.578 ; 14.578 ; 14.578 ;
; A[0]       ; DD[0]       ; 18.913 ; 18.913 ; 18.913 ; 18.913 ;
; A[0]       ; DD[1]       ; 18.183 ; 18.183 ; 18.183 ; 18.183 ;
; A[0]       ; DD[2]       ; 19.534 ; 19.534 ; 19.534 ; 19.534 ;
; A[0]       ; DD[3]       ; 18.570 ; 18.570 ; 18.570 ; 18.570 ;
; A[0]       ; DD[4]       ; 18.309 ; 18.309 ; 18.309 ; 18.309 ;
; A[0]       ; DD[6]       ; 18.391 ; 18.391 ; 18.391 ; 18.391 ;
; A[0]       ; DU[0]       ; 18.329 ; 18.329 ; 18.329 ; 18.329 ;
; A[0]       ; DU[1]       ; 20.734 ; 20.734 ; 20.734 ; 20.734 ;
; A[0]       ; DU[2]       ; 19.682 ; 19.682 ; 19.682 ; 19.682 ;
; A[0]       ; DU[3]       ; 18.663 ; 18.663 ; 18.663 ; 18.663 ;
; A[0]       ; DU[4]       ; 18.460 ; 18.460 ; 18.460 ; 18.460 ;
; A[0]       ; DU[5]       ; 17.107 ; 17.107 ; 17.107 ; 17.107 ;
; A[0]       ; DU[6]       ; 17.035 ; 17.035 ; 17.035 ; 17.035 ;
; A[0]       ; R[0]        ; 13.127 ;        ;        ; 13.127 ;
; A[0]       ; R[3]        ; 12.516 ;        ;        ; 12.516 ;
; A[0]       ; R[6]        ; 12.021 ;        ;        ; 12.021 ;
; A[0]       ; S[0]        ; 13.479 ;        ;        ; 13.479 ;
; A[0]       ; S[1]        ; 12.795 ; 12.795 ; 12.795 ; 12.795 ;
; A[0]       ; S[2]        ; 16.317 ; 16.317 ; 16.317 ; 16.317 ;
; A[0]       ; S[3]        ; 15.154 ; 15.154 ; 15.154 ; 15.154 ;
; A[0]       ; S[4]        ; 15.634 ; 15.634 ; 15.634 ; 15.634 ;
; A[0]       ; Sc1         ; 15.282 ; 15.282 ; 15.282 ; 15.282 ;
; A[0]       ; Sc2         ; 14.477 ; 14.477 ; 14.477 ; 14.477 ;
; A[1]       ; C[1]        ; 13.082 ;        ;        ; 13.082 ;
; A[1]       ; C[2]        ; 14.506 ;        ;        ; 14.506 ;
; A[1]       ; C[3]        ; 13.820 ;        ;        ; 13.820 ;
; A[1]       ; C[4]        ; 15.362 ;        ;        ; 15.362 ;
; A[1]       ; C[5]        ; 15.531 ; 15.531 ; 15.531 ; 15.531 ;
; A[1]       ; DD[0]       ; 19.504 ; 19.504 ; 19.504 ; 19.504 ;
; A[1]       ; DD[1]       ; 19.302 ; 19.302 ; 19.302 ; 19.302 ;
; A[1]       ; DD[2]       ; 20.447 ; 20.447 ; 20.447 ; 20.447 ;
; A[1]       ; DD[3]       ; 19.257 ; 19.257 ; 19.257 ; 19.257 ;
; A[1]       ; DD[4]       ; 19.422 ; 19.422 ; 19.422 ; 19.422 ;
; A[1]       ; DD[6]       ; 19.078 ; 19.078 ; 19.078 ; 19.078 ;
; A[1]       ; DU[0]       ; 19.469 ; 19.469 ; 19.469 ; 19.469 ;
; A[1]       ; DU[1]       ; 21.325 ; 21.325 ; 21.325 ; 21.325 ;
; A[1]       ; DU[2]       ; 20.273 ; 20.273 ; 20.273 ; 20.273 ;
; A[1]       ; DU[3]       ; 19.803 ; 19.803 ; 19.803 ; 19.803 ;
; A[1]       ; DU[4]       ; 19.051 ; 19.051 ; 19.051 ; 19.051 ;
; A[1]       ; DU[5]       ; 17.698 ; 17.698 ; 17.698 ; 17.698 ;
; A[1]       ; DU[6]       ; 17.626 ; 17.626 ; 17.626 ; 17.626 ;
; A[1]       ; R[1]        ; 12.795 ;        ;        ; 12.795 ;
; A[1]       ; R[4]        ; 13.916 ;        ;        ; 13.916 ;
; A[1]       ; R[7]        ; 13.580 ;        ;        ; 13.580 ;
; A[1]       ; S[1]        ; 13.352 ; 13.352 ; 13.352 ; 13.352 ;
; A[1]       ; S[2]        ; 16.908 ; 16.908 ; 16.908 ; 16.908 ;
; A[1]       ; S[3]        ; 16.107 ; 16.107 ; 16.107 ; 16.107 ;
; A[1]       ; S[4]        ; 16.774 ; 16.774 ; 16.774 ; 16.774 ;
; A[1]       ; S[5]        ; 14.548 ;        ;        ; 14.548 ;
; A[1]       ; Sc1         ; 15.873 ; 15.873 ; 15.873 ; 15.873 ;
; A[1]       ; Sc2         ; 15.430 ; 15.430 ; 15.430 ; 15.430 ;
; A[2]       ; C[2]        ; 13.742 ;        ;        ; 13.742 ;
; A[2]       ; C[3]        ; 13.612 ;        ;        ; 13.612 ;
; A[2]       ; C[4]        ; 14.390 ;        ;        ; 14.390 ;
; A[2]       ; C[5]        ; 15.094 ; 14.767 ; 14.767 ; 15.094 ;
; A[2]       ; DD[0]       ; 18.275 ; 18.275 ; 18.275 ; 18.275 ;
; A[2]       ; DD[1]       ; 18.678 ; 18.678 ; 18.678 ; 18.678 ;
; A[2]       ; DD[2]       ; 19.823 ; 19.823 ; 19.823 ; 19.823 ;
; A[2]       ; DD[3]       ; 18.633 ; 18.633 ; 18.633 ; 18.633 ;
; A[2]       ; DD[4]       ; 18.798 ; 18.798 ; 18.798 ; 18.798 ;
; A[2]       ; DD[6]       ; 18.454 ; 18.454 ; 18.454 ; 18.454 ;
; A[2]       ; DU[0]       ; 18.845 ; 18.845 ; 18.845 ; 18.845 ;
; A[2]       ; DU[1]       ; 19.855 ; 19.855 ; 19.855 ; 19.855 ;
; A[2]       ; DU[2]       ; 18.513 ; 18.513 ; 18.513 ; 18.513 ;
; A[2]       ; DU[3]       ; 19.179 ; 19.179 ; 19.179 ; 19.179 ;
; A[2]       ; DU[4]       ; 17.581 ; 17.581 ; 17.581 ; 17.581 ;
; A[2]       ; DU[5]       ; 16.984 ; 16.984 ; 16.984 ; 16.984 ;
; A[2]       ; DU[6]       ; 16.877 ; 16.877 ; 16.877 ; 16.877 ;
; A[2]       ; R[2]        ; 13.597 ;        ;        ; 13.597 ;
; A[2]       ; R[5]        ; 12.663 ;        ;        ; 12.663 ;
; A[2]       ; R[8]        ; 12.981 ;        ;        ; 12.981 ;
; A[2]       ; S[2]        ; 15.148 ; 15.148 ; 15.148 ; 15.148 ;
; A[2]       ; S[3]        ; 15.660 ; 15.660 ; 15.660 ; 15.660 ;
; A[2]       ; S[4]        ; 16.150 ; 16.150 ; 16.150 ; 16.150 ;
; A[2]       ; S[5]        ; 14.646 ;        ;        ; 14.646 ;
; A[2]       ; Sc1         ; 13.679 ; 13.679 ; 13.679 ; 13.679 ;
; A[2]       ; Sc2         ; 14.666 ; 14.666 ; 14.666 ; 14.666 ;
; B[0]       ; C[1]        ; 12.510 ;        ;        ; 12.510 ;
; B[0]       ; C[2]        ; 13.589 ;        ;        ; 13.589 ;
; B[0]       ; C[3]        ; 13.491 ; 13.491 ; 13.491 ; 13.491 ;
; B[0]       ; C[4]        ; 14.237 ;        ;        ; 14.237 ;
; B[0]       ; C[5]        ; 14.973 ; 14.973 ; 14.973 ; 14.973 ;
; B[0]       ; DD[0]       ; 18.932 ; 18.932 ; 18.932 ; 18.932 ;
; B[0]       ; DD[1]       ; 18.557 ; 18.557 ; 18.557 ; 18.557 ;
; B[0]       ; DD[2]       ; 19.702 ; 19.702 ; 19.702 ; 19.702 ;
; B[0]       ; DD[3]       ; 18.589 ; 18.589 ; 18.589 ; 18.589 ;
; B[0]       ; DD[4]       ; 18.677 ; 18.677 ; 18.677 ; 18.677 ;
; B[0]       ; DD[6]       ; 18.410 ; 18.410 ; 18.410 ; 18.410 ;
; B[0]       ; DU[0]       ; 18.724 ; 18.724 ; 18.724 ; 18.724 ;
; B[0]       ; DU[1]       ; 20.753 ; 20.753 ; 20.753 ; 20.753 ;
; B[0]       ; DU[2]       ; 19.701 ; 19.701 ; 19.701 ; 19.701 ;
; B[0]       ; DU[3]       ; 19.058 ; 19.058 ; 19.058 ; 19.058 ;
; B[0]       ; DU[4]       ; 18.479 ; 18.479 ; 18.479 ; 18.479 ;
; B[0]       ; DU[5]       ; 17.126 ; 17.126 ; 17.126 ; 17.126 ;
; B[0]       ; DU[6]       ; 17.054 ; 17.054 ; 17.054 ; 17.054 ;
; B[0]       ; R[0]        ; 13.549 ;        ;        ; 13.549 ;
; B[0]       ; R[1]        ; 11.400 ;        ;        ; 11.400 ;
; B[0]       ; R[2]        ; 13.011 ;        ;        ; 13.011 ;
; B[0]       ; S[0]        ; 13.901 ;        ;        ; 13.901 ;
; B[0]       ; S[1]        ; 12.827 ; 12.827 ; 12.827 ; 12.827 ;
; B[0]       ; S[2]        ; 16.336 ; 16.336 ; 16.336 ; 16.336 ;
; B[0]       ; S[3]        ; 15.539 ; 15.539 ; 15.539 ; 15.539 ;
; B[0]       ; S[4]        ; 16.029 ; 16.029 ; 16.029 ; 16.029 ;
; B[0]       ; Sc1         ; 15.301 ; 15.301 ; 15.301 ; 15.301 ;
; B[0]       ; Sc2         ; 14.513 ; 14.513 ; 14.513 ; 14.513 ;
; B[1]       ; C[1]        ; 12.208 ;        ;        ; 12.208 ;
; B[1]       ; C[2]        ; 13.756 ;        ;        ; 13.756 ;
; B[1]       ; C[3]        ; 13.034 ;        ;        ; 13.034 ;
; B[1]       ; C[4]        ; 14.404 ;        ;        ; 14.404 ;
; B[1]       ; C[5]        ; 14.781 ; 14.781 ; 14.781 ; 14.781 ;
; B[1]       ; DD[0]       ; 18.630 ; 18.630 ; 18.630 ; 18.630 ;
; B[1]       ; DD[1]       ; 18.365 ; 18.365 ; 18.365 ; 18.365 ;
; B[1]       ; DD[2]       ; 19.510 ; 19.510 ; 19.510 ; 19.510 ;
; B[1]       ; DD[3]       ; 18.320 ; 18.320 ; 18.320 ; 18.320 ;
; B[1]       ; DD[4]       ; 18.485 ; 18.485 ; 18.485 ; 18.485 ;
; B[1]       ; DD[6]       ; 18.141 ; 18.141 ; 18.141 ; 18.141 ;
; B[1]       ; DU[0]       ; 18.532 ; 18.532 ; 18.532 ; 18.532 ;
; B[1]       ; DU[1]       ; 20.451 ; 20.451 ; 20.451 ; 20.451 ;
; B[1]       ; DU[2]       ; 19.399 ; 19.399 ; 19.399 ; 19.399 ;
; B[1]       ; DU[3]       ; 18.866 ; 18.866 ; 18.866 ; 18.866 ;
; B[1]       ; DU[4]       ; 18.177 ; 18.177 ; 18.177 ; 18.177 ;
; B[1]       ; DU[5]       ; 16.824 ; 16.824 ; 16.824 ; 16.824 ;
; B[1]       ; DU[6]       ; 16.752 ; 16.752 ; 16.752 ; 16.752 ;
; B[1]       ; R[3]        ; 12.198 ;        ;        ; 12.198 ;
; B[1]       ; R[4]        ; 13.166 ;        ;        ; 13.166 ;
; B[1]       ; R[5]        ; 12.095 ;        ;        ; 12.095 ;
; B[1]       ; S[1]        ; 12.476 ; 12.476 ; 12.476 ; 12.476 ;
; B[1]       ; S[2]        ; 16.034 ; 16.034 ; 16.034 ; 16.034 ;
; B[1]       ; S[3]        ; 15.357 ; 15.357 ; 15.357 ; 15.357 ;
; B[1]       ; S[4]        ; 15.837 ; 15.837 ; 15.837 ; 15.837 ;
; B[1]       ; S[5]        ; 13.801 ;        ;        ; 13.801 ;
; B[1]       ; Sc1         ; 14.999 ; 14.999 ; 14.999 ; 14.999 ;
; B[1]       ; Sc2         ; 14.680 ; 14.680 ; 14.680 ; 14.680 ;
; B[2]       ; C[3]        ; 13.040 ;        ;        ; 13.040 ;
; B[2]       ; C[4]        ; 15.168 ;        ;        ; 15.168 ;
; B[2]       ; C[5]        ; 15.130 ; 15.130 ; 15.130 ; 15.130 ;
; B[2]       ; DD[0]       ; 18.705 ; 18.705 ; 18.705 ; 18.705 ;
; B[2]       ; DD[1]       ; 19.108 ; 19.108 ; 19.108 ; 19.108 ;
; B[2]       ; DD[2]       ; 20.253 ; 20.253 ; 20.253 ; 20.253 ;
; B[2]       ; DD[3]       ; 19.063 ; 19.063 ; 19.063 ; 19.063 ;
; B[2]       ; DD[4]       ; 19.228 ; 19.228 ; 19.228 ; 19.228 ;
; B[2]       ; DD[6]       ; 18.884 ; 18.884 ; 18.884 ; 18.884 ;
; B[2]       ; DU[0]       ; 19.275 ; 19.275 ; 19.275 ; 19.275 ;
; B[2]       ; DU[1]       ; 20.278 ; 20.278 ; 20.278 ; 20.278 ;
; B[2]       ; DU[2]       ; 19.226 ; 19.226 ; 19.226 ; 19.226 ;
; B[2]       ; DU[3]       ; 19.609 ; 19.609 ; 19.609 ; 19.609 ;
; B[2]       ; DU[4]       ; 18.004 ; 18.004 ; 18.004 ; 18.004 ;
; B[2]       ; DU[5]       ; 17.018 ; 17.018 ; 17.018 ; 17.018 ;
; B[2]       ; DU[6]       ; 16.973 ; 16.973 ; 16.973 ; 16.973 ;
; B[2]       ; R[6]        ; 12.840 ;        ;        ; 12.840 ;
; B[2]       ; R[7]        ; 13.386 ;        ;        ; 13.386 ;
; B[2]       ; R[8]        ; 12.684 ;        ;        ; 12.684 ;
; B[2]       ; S[2]        ; 15.861 ; 15.861 ; 15.861 ; 15.861 ;
; B[2]       ; S[3]        ; 15.694 ; 15.694 ; 15.694 ; 15.694 ;
; B[2]       ; S[4]        ; 16.580 ; 16.580 ; 16.580 ; 16.580 ;
; B[2]       ; S[5]        ; 14.384 ;        ;        ; 14.384 ;
; B[2]       ; Sc2         ; 13.640 ; 13.640 ; 13.640 ; 13.640 ;
+------------+-------------+--------+--------+--------+--------+


+----------------------------------------------------------+
; Minimum Progagation Delay                                ;
+------------+-------------+-------+-------+-------+-------+
; Input Port ; Output Port ; RR    ; RF    ; FR    ; FF    ;
+------------+-------------+-------+-------+-------+-------+
; A[0]       ; C[1]        ; 5.621 ;       ;       ; 5.621 ;
; A[0]       ; C[2]        ; 5.965 ;       ;       ; 5.965 ;
; A[0]       ; C[3]        ; 5.754 ;       ;       ; 5.754 ;
; A[0]       ; C[4]        ; 6.177 ;       ;       ; 6.177 ;
; A[0]       ; C[5]        ; 6.219 ; 6.266 ; 6.266 ; 6.219 ;
; A[0]       ; DD[0]       ; 6.942 ; 6.942 ; 6.942 ; 6.942 ;
; A[0]       ; DD[1]       ; 6.846 ; 6.846 ; 6.846 ; 6.846 ;
; A[0]       ; DD[2]       ; 7.065 ; 7.065 ; 7.065 ; 7.065 ;
; A[0]       ; DD[3]       ; 7.093 ; 7.093 ; 7.093 ; 7.093 ;
; A[0]       ; DD[4]       ; 6.971 ; 6.971 ; 6.971 ; 6.971 ;
; A[0]       ; DD[6]       ; 7.116 ; 7.116 ; 7.116 ; 7.116 ;
; A[0]       ; DU[0]       ; 6.643 ; 6.643 ; 6.643 ; 6.643 ;
; A[0]       ; DU[1]       ; 6.263 ; 6.263 ; 6.263 ; 6.263 ;
; A[0]       ; DU[2]       ; 5.999 ; 6.284 ; 6.284 ; 5.999 ;
; A[0]       ; DU[3]       ; 5.897 ; 5.897 ; 5.897 ; 5.897 ;
; A[0]       ; DU[4]       ; 6.346 ; 5.546 ; 5.546 ; 6.346 ;
; A[0]       ; DU[5]       ; 6.443 ; 6.443 ; 6.443 ; 6.443 ;
; A[0]       ; DU[6]       ; 6.384 ; 6.384 ; 6.384 ; 6.384 ;
; A[0]       ; R[0]        ; 5.912 ;       ;       ; 5.912 ;
; A[0]       ; R[3]        ; 5.614 ;       ;       ; 5.614 ;
; A[0]       ; R[6]        ; 5.485 ;       ;       ; 5.485 ;
; A[0]       ; S[0]        ; 6.007 ;       ;       ; 6.007 ;
; A[0]       ; S[1]        ; 5.815 ; 5.815 ; 5.815 ; 5.815 ;
; A[0]       ; S[2]        ; 6.482 ; 6.482 ; 6.482 ; 6.482 ;
; A[0]       ; S[3]        ; 6.432 ; 6.432 ; 6.432 ; 6.432 ;
; A[0]       ; S[4]        ; 6.636 ; 6.636 ; 6.636 ; 6.636 ;
; A[0]       ; Sc1         ; 6.488 ; 6.488 ; 6.488 ; 6.488 ;
; A[0]       ; Sc2         ; 6.313 ; 6.313 ; 6.313 ; 6.313 ;
; A[1]       ; C[1]        ; 5.810 ;       ;       ; 5.810 ;
; A[1]       ; C[2]        ; 6.329 ;       ;       ; 6.329 ;
; A[1]       ; C[3]        ; 6.113 ;       ;       ; 6.113 ;
; A[1]       ; C[4]        ; 6.541 ;       ;       ; 6.541 ;
; A[1]       ; C[5]        ; 6.543 ; 6.543 ; 6.543 ; 6.543 ;
; A[1]       ; DD[0]       ; 7.291 ; 6.871 ; 6.871 ; 7.291 ;
; A[1]       ; DD[1]       ; 6.684 ; 6.684 ; 6.684 ; 6.684 ;
; A[1]       ; DD[2]       ; 7.258 ; 7.258 ; 7.258 ; 7.258 ;
; A[1]       ; DD[3]       ; 7.093 ; 7.093 ; 7.093 ; 7.093 ;
; A[1]       ; DD[4]       ; 7.164 ; 6.888 ; 6.888 ; 7.164 ;
; A[1]       ; DD[6]       ; 7.116 ; 7.116 ; 7.116 ; 7.116 ;
; A[1]       ; DU[0]       ; 6.900 ; 6.900 ; 6.900 ; 6.900 ;
; A[1]       ; DU[1]       ; 6.634 ; 6.634 ; 6.634 ; 6.634 ;
; A[1]       ; DU[2]       ; 6.477 ; 6.477 ; 6.477 ; 6.477 ;
; A[1]       ; DU[3]       ; 6.713 ; 6.713 ; 6.713 ; 6.713 ;
; A[1]       ; DU[4]       ; 6.539 ; 6.539 ; 6.539 ; 6.539 ;
; A[1]       ; DU[5]       ; 6.314 ; 6.314 ; 6.314 ; 6.314 ;
; A[1]       ; DU[6]       ; 6.325 ; 6.325 ; 6.325 ; 6.325 ;
; A[1]       ; R[1]        ; 5.780 ;       ;       ; 5.780 ;
; A[1]       ; R[4]        ; 6.220 ;       ;       ; 6.220 ;
; A[1]       ; R[7]        ; 6.041 ;       ;       ; 6.041 ;
; A[1]       ; S[1]        ; 6.008 ; 6.008 ; 6.008 ; 6.008 ;
; A[1]       ; S[2]        ; 6.874 ; 6.874 ; 6.874 ; 6.874 ;
; A[1]       ; S[3]        ; 6.781 ; 6.781 ; 6.781 ; 6.781 ;
; A[1]       ; S[4]        ; 6.960 ; 6.960 ; 6.960 ; 6.960 ;
; A[1]       ; S[5]        ; 6.431 ;       ;       ; 6.431 ;
; A[1]       ; Sc1         ; 6.383 ; 6.383 ; 6.383 ; 6.383 ;
; A[1]       ; Sc2         ; 6.223 ; 6.223 ; 6.223 ; 6.223 ;
; A[2]       ; C[2]        ; 6.086 ;       ;       ; 6.086 ;
; A[2]       ; C[3]        ; 6.048 ;       ;       ; 6.048 ;
; A[2]       ; C[4]        ; 6.121 ;       ;       ; 6.121 ;
; A[2]       ; C[5]        ; 6.285 ; 6.285 ; 6.285 ; 6.285 ;
; A[2]       ; DD[0]       ; 7.017 ; 6.895 ; 6.895 ; 7.017 ;
; A[2]       ; DD[1]       ; 6.708 ; 6.708 ; 6.708 ; 6.708 ;
; A[2]       ; DD[2]       ; 7.380 ; 7.380 ; 7.380 ; 7.380 ;
; A[2]       ; DD[3]       ; 7.089 ; 7.089 ; 7.089 ; 7.089 ;
; A[2]       ; DD[4]       ; 7.153 ; 6.912 ; 6.912 ; 7.153 ;
; A[2]       ; DD[6]       ; 7.112 ; 7.112 ; 7.112 ; 7.112 ;
; A[2]       ; DU[0]       ; 6.888 ; 6.888 ; 6.888 ; 6.888 ;
; A[2]       ; DU[1]       ; 7.030 ; 7.030 ; 7.030 ; 7.030 ;
; A[2]       ; DU[2]       ; 6.492 ; 6.492 ; 6.492 ; 6.492 ;
; A[2]       ; DU[3]       ; 6.483 ; 6.483 ; 6.483 ; 6.483 ;
; A[2]       ; DU[4]       ; 6.334 ; 6.334 ; 6.334 ; 6.334 ;
; A[2]       ; DU[5]       ; 6.338 ; 6.338 ; 6.338 ; 6.338 ;
; A[2]       ; DU[6]       ; 6.349 ; 6.349 ; 6.349 ; 6.349 ;
; A[2]       ; R[2]        ; 6.130 ;       ;       ; 6.130 ;
; A[2]       ; R[5]        ; 5.792 ;       ;       ; 5.792 ;
; A[2]       ; R[8]        ; 5.865 ;       ;       ; 5.865 ;
; A[2]       ; S[2]        ; 6.619 ; 6.619 ; 6.619 ; 6.619 ;
; A[2]       ; S[3]        ; 6.524 ; 6.524 ; 6.524 ; 6.524 ;
; A[2]       ; S[4]        ; 6.417 ; 6.417 ; 6.417 ; 6.417 ;
; A[2]       ; S[5]        ; 6.455 ;       ;       ; 6.455 ;
; A[2]       ; Sc1         ; 6.062 ; 6.062 ; 6.062 ; 6.062 ;
; A[2]       ; Sc2         ; 6.331 ; 6.331 ; 6.331 ; 6.331 ;
; B[0]       ; C[1]        ; 5.610 ;       ;       ; 5.610 ;
; B[0]       ; C[2]        ; 5.971 ;       ;       ; 5.971 ;
; B[0]       ; C[3]        ; 5.925 ; 5.925 ; 5.925 ; 5.925 ;
; B[0]       ; C[4]        ; 6.183 ;       ;       ; 6.183 ;
; B[0]       ; C[5]        ; 6.272 ; 6.272 ; 6.272 ; 6.272 ;
; B[0]       ; DD[0]       ; 7.022 ; 7.022 ; 7.022 ; 7.022 ;
; B[0]       ; DD[1]       ; 6.791 ; 6.791 ; 6.791 ; 6.791 ;
; B[0]       ; DD[2]       ; 7.068 ; 7.068 ; 7.068 ; 7.068 ;
; B[0]       ; DD[3]       ; 6.956 ; 6.956 ; 6.956 ; 6.956 ;
; B[0]       ; DD[4]       ; 6.900 ; 6.900 ; 6.900 ; 6.900 ;
; B[0]       ; DD[6]       ; 6.979 ; 6.979 ; 6.979 ; 6.979 ;
; B[0]       ; DU[0]       ; 6.693 ; 6.693 ; 6.693 ; 6.693 ;
; B[0]       ; DU[1]       ; 6.392 ; 6.392 ; 6.392 ; 6.392 ;
; B[0]       ; DU[2]       ; 6.128 ; 6.287 ; 6.287 ; 6.128 ;
; B[0]       ; DU[3]       ; 5.901 ; 5.901 ; 5.901 ; 5.901 ;
; B[0]       ; DU[4]       ; 6.349 ; 5.540 ; 5.540 ; 6.349 ;
; B[0]       ; DU[5]       ; 6.496 ; 6.496 ; 6.496 ; 6.496 ;
; B[0]       ; DU[6]       ; 6.436 ; 6.436 ; 6.436 ; 6.436 ;
; B[0]       ; R[0]        ; 6.041 ;       ;       ; 6.041 ;
; B[0]       ; R[1]        ; 5.334 ;       ;       ; 5.334 ;
; B[0]       ; R[2]        ; 5.856 ;       ;       ; 5.856 ;
; B[0]       ; S[0]        ; 6.136 ;       ;       ; 6.136 ;
; B[0]       ; S[1]        ; 5.818 ; 5.818 ; 5.818 ; 5.818 ;
; B[0]       ; S[2]        ; 6.345 ; 6.345 ; 6.345 ; 6.345 ;
; B[0]       ; S[3]        ; 6.512 ; 6.512 ; 6.512 ; 6.512 ;
; B[0]       ; S[4]        ; 6.677 ; 6.677 ; 6.677 ; 6.677 ;
; B[0]       ; Sc1         ; 5.720 ; 5.720 ; 5.720 ; 5.720 ;
; B[0]       ; Sc2         ; 6.319 ; 6.319 ; 6.319 ; 6.319 ;
; B[1]       ; C[1]        ; 5.538 ;       ;       ; 5.538 ;
; B[1]       ; C[2]        ; 6.018 ;       ;       ; 6.018 ;
; B[1]       ; C[3]        ; 5.802 ;       ;       ; 5.802 ;
; B[1]       ; C[4]        ; 5.995 ;       ;       ; 5.995 ;
; B[1]       ; C[5]        ; 6.016 ; 6.016 ; 6.016 ; 6.016 ;
; B[1]       ; DD[0]       ; 6.765 ; 6.560 ; 6.560 ; 6.765 ;
; B[1]       ; DD[1]       ; 6.373 ; 6.373 ; 6.373 ; 6.373 ;
; B[1]       ; DD[2]       ; 6.959 ; 6.959 ; 6.959 ; 6.959 ;
; B[1]       ; DD[3]       ; 6.782 ; 6.782 ; 6.782 ; 6.782 ;
; B[1]       ; DD[4]       ; 6.865 ; 6.577 ; 6.577 ; 6.865 ;
; B[1]       ; DD[6]       ; 6.805 ; 6.805 ; 6.805 ; 6.805 ;
; B[1]       ; DU[0]       ; 6.601 ; 6.601 ; 6.601 ; 6.601 ;
; B[1]       ; DU[1]       ; 6.335 ; 6.335 ; 6.335 ; 6.335 ;
; B[1]       ; DU[2]       ; 6.178 ; 6.178 ; 6.178 ; 6.178 ;
; B[1]       ; DU[3]       ; 6.414 ; 6.414 ; 6.414 ; 6.414 ;
; B[1]       ; DU[4]       ; 6.240 ; 6.240 ; 6.240 ; 6.240 ;
; B[1]       ; DU[5]       ; 6.003 ; 6.003 ; 6.003 ; 6.003 ;
; B[1]       ; DU[6]       ; 6.014 ; 6.014 ; 6.014 ; 6.014 ;
; B[1]       ; R[3]        ; 5.532 ;       ;       ; 5.532 ;
; B[1]       ; R[4]        ; 5.909 ;       ;       ; 5.909 ;
; B[1]       ; R[5]        ; 5.523 ;       ;       ; 5.523 ;
; B[1]       ; S[1]        ; 5.709 ; 5.709 ; 5.709 ; 5.709 ;
; B[1]       ; S[2]        ; 6.563 ; 6.563 ; 6.563 ; 6.563 ;
; B[1]       ; S[3]        ; 6.255 ; 6.255 ; 6.255 ; 6.255 ;
; B[1]       ; S[4]        ; 6.433 ; 6.433 ; 6.433 ; 6.433 ;
; B[1]       ; S[5]        ; 6.120 ;       ;       ; 6.120 ;
; B[1]       ; Sc1         ; 6.072 ; 6.072 ; 6.072 ; 6.072 ;
; B[1]       ; Sc2         ; 6.062 ; 6.062 ; 6.062 ; 6.062 ;
; B[2]       ; C[3]        ; 5.915 ;       ;       ; 5.915 ;
; B[2]       ; C[4]        ; 6.546 ;       ;       ; 6.546 ;
; B[2]       ; C[5]        ; 6.380 ; 6.518 ; 6.518 ; 6.380 ;
; B[2]       ; DD[0]       ; 6.941 ; 6.839 ; 6.839 ; 6.941 ;
; B[2]       ; DD[1]       ; 6.652 ; 6.652 ; 6.652 ; 6.652 ;
; B[2]       ; DD[2]       ; 7.304 ; 7.304 ; 7.304 ; 7.304 ;
; B[2]       ; DD[3]       ; 7.013 ; 7.013 ; 7.013 ; 7.013 ;
; B[2]       ; DD[4]       ; 7.077 ; 6.856 ; 6.856 ; 7.077 ;
; B[2]       ; DD[6]       ; 7.036 ; 7.036 ; 7.036 ; 7.036 ;
; B[2]       ; DU[0]       ; 6.890 ; 6.890 ; 6.890 ; 6.890 ;
; B[2]       ; DU[1]       ; 6.954 ; 6.954 ; 6.954 ; 6.954 ;
; B[2]       ; DU[2]       ; 6.416 ; 6.416 ; 6.416 ; 6.416 ;
; B[2]       ; DU[3]       ; 6.407 ; 6.407 ; 6.407 ; 6.407 ;
; B[2]       ; DU[4]       ; 6.258 ; 6.258 ; 6.258 ; 6.258 ;
; B[2]       ; DU[5]       ; 6.282 ; 6.282 ; 6.282 ; 6.282 ;
; B[2]       ; DU[6]       ; 6.293 ; 6.293 ; 6.293 ; 6.293 ;
; B[2]       ; R[6]        ; 5.798 ;       ;       ; 5.798 ;
; B[2]       ; R[7]        ; 6.016 ;       ;       ; 6.016 ;
; B[2]       ; R[8]        ; 5.810 ;       ;       ; 5.810 ;
; B[2]       ; S[2]        ; 6.795 ; 6.795 ; 6.795 ; 6.795 ;
; B[2]       ; S[3]        ; 6.593 ; 6.593 ; 6.593 ; 6.593 ;
; B[2]       ; S[4]        ; 6.341 ; 6.341 ; 6.341 ; 6.341 ;
; B[2]       ; S[5]        ; 6.399 ;       ;       ; 6.399 ;
; B[2]       ; Sc2         ; 6.139 ; 6.139 ; 6.139 ; 6.139 ;
+------------+-------------+-------+-------+-------+-------+


-------------------
; Clock Transfers ;
-------------------
Nothing to report.


---------------
; Report TCCS ;
---------------
No dedicated SERDES Transmitter circuitry present in device or used in design


---------------
; Report RSKM ;
---------------
No dedicated SERDES Receiver circuitry present in device or used in design


+------------------------------------------------+
; Unconstrained Paths                            ;
+---------------------------------+-------+------+
; Property                        ; Setup ; Hold ;
+---------------------------------+-------+------+
; Illegal Clocks                  ; 0     ; 0    ;
; Unconstrained Clocks            ; 0     ; 0    ;
; Unconstrained Input Ports       ; 6     ; 6    ;
; Unconstrained Input Port Paths  ; 162   ; 162  ;
; Unconstrained Output Ports      ; 35    ; 35   ;
; Unconstrained Output Port Paths ; 162   ; 162  ;
+---------------------------------+-------+------+


+------------------------------------+
; TimeQuest Timing Analyzer Messages ;
+------------------------------------+
Info: *******************************************************************
Info: Running Quartus II 32-bit TimeQuest Timing Analyzer
    Info: Version 13.0.1 Build 232 06/12/2013 Service Pack 1 SJ Web Edition
    Info: Processing started: Wed Apr 04 20:55:25 2018
Info: Command: quartus_sta multiplicador -c multiplicador
Info: qsta_default_script.tcl version: #1
Warning (20028): Parallel compilation is not licensed and has been disabled
Info (21077): Low junction temperature is 0 degrees C
Info (21077): High junction temperature is 85 degrees C
Critical Warning (332012): Synopsys Design Constraints File file not found: 'multiplicador.sdc'. A Synopsys Design Constraints File is required by the TimeQuest Timing Analyzer to get proper timing constraints. Without it, the Compiler will not properly optimize the design.
Info (332142): No user constrained base clocks found in the design. Calling "derive_clocks -period 1.0"
Info (332096): The command derive_clocks did not find any clocks to derive.  No clocks were created or changed.
Warning (332068): No clocks defined in design.
Info: Found TIMEQUEST_REPORT_SCRIPT_INCLUDE_DEFAULT_ANALYSIS = ON
Info (332159): No clocks to report
Info: Analyzing Slow Model
Info (332140): No fmax paths to report
Info (332140): No Setup paths to report
Info (332140): No Hold paths to report
Info (332140): No Recovery paths to report
Info (332140): No Removal paths to report
Info (332140): No Minimum Pulse Width paths to report
Info (332001): The selected device family is not supported by the report_metastability command.
Info: Analyzing Fast Model
Info (332142): No user constrained base clocks found in the design. Calling "derive_clocks -period 1.0"
Info (332096): The command derive_clocks did not find any clocks to derive.  No clocks were created or changed.
Warning (332068): No clocks defined in design.
Info (332140): No Setup paths to report
Info (332140): No Hold paths to report
Info (332140): No Recovery paths to report
Info (332140): No Removal paths to report
Info (332140): No Minimum Pulse Width paths to report
Info (332001): The selected device family is not supported by the report_metastability command.
Info (332102): Design is not fully constrained for setup requirements
Info (332102): Design is not fully constrained for hold requirements
Info: Quartus II 32-bit TimeQuest Timing Analyzer was successful. 0 errors, 4 warnings
    Info: Peak virtual memory: 311 megabytes
    Info: Processing ended: Wed Apr 04 20:55:31 2018
    Info: Elapsed time: 00:00:06
    Info: Total CPU time (on all processors): 00:00:02


